This is pdfTeX, Version 3.141592653-2.6-1.40.28 (TeX Live 2025/Debian) (preloaded format=pdflatex 2026.7.28)  10 SEP 2026 13:32
entering extended mode
 restricted \write18 enabled.
 %&-line parsing enabled.
**template.tex
(./template.tex
LaTeX2e <2025-11-01>
L3 programming layer <2026-01-19>
(./iacrcc.cls

 *** LaTeX class for IACR Communications in Cryptology v0.78 ***

Document Class: iacrcc 2025/12/29
(/usr/share/texlive/texmf-dist/tex/latex/currfile/currfile.sty
Package: currfile 2024/03/14 v1.0 Provides the file path elements of the curren
t input file

(/usr/share/texlive/texmf-dist/tex/latex/kvoptions/kvoptions.sty
Package: kvoptions 2022-06-15 v3.15 Key value format for package options (HO)

(/usr/share/texlive/texmf-dist/tex/latex/graphics/keyval.sty
Package: keyval 2022/05/29 v1.15 key=value parser (DPC)
\KV@toks@=\toks17
)
(/usr/share/texlive/texmf-dist/tex/generic/ltxcmds/ltxcmds.sty
Package: ltxcmds 2023-12-04 v1.26 LaTeX kernel commands for general use (HO)
)
(/usr/share/texlive/texmf-dist/tex/latex/kvsetkeys/kvsetkeys.sty
Package: kvsetkeys 2022-10-05 v1.19 Key value parser (HO)
))
(/usr/share/texlive/texmf-dist/tex/latex/filehook/filehook.sty
Package: filehook 2022/10/25 v0.8b Hooks for input files

(/usr/share/texlive/texmf-dist/tex/latex/filehook/filehook-2020.sty
Package: filehook-2020 2022/10/25 v0.8b Hooks for input files
))
(/usr/share/texlive/texmf-dist/tex/latex/currfile/currfile-abspath.sty
Package: currfile-abspath 2024/03/14 v1.0 Provides absolute file paths, the par
ent working directory and the main file name
)
\c@currfiledepth=\count275
)
iacrcc:opened with /usr/share/texlive/texmf-dist/tex/latex/l3kernel/expl3.sty

(/usr/share/texlive/texmf-dist/tex/latex/l3kernel/expl3.sty
Package: expl3 2026-01-19 L3 programming layer (loader) 
iacrcc:opened with /usr/share/texlive/texmf-dist/tex/latex/l3backend/l3backend-
pdftex.def

(/usr/share/texlive/texmf-dist/tex/latex/l3backend/l3backend-pdftex.def
File: l3backend-pdftex.def 2025-10-09 L3 backend support: PDF output (pdfTeX)
\l__color_backend_stack_int=\count276
)
iacrcc:closed with /usr/share/texlive/texmf-dist/tex/latex/l3backend/l3backend-
pdftex.def
)
iacrcc:closed with /usr/share/texlive/texmf-dist/tex/latex/l3kernel/expl3.sty
iacrcc:opened with /usr/share/texlive/texmf-dist/tex/latex/xkeyval/xkeyval.sty

(/usr/share/texlive/texmf-dist/tex/latex/xkeyval/xkeyval.sty
Package: xkeyval 2025/11/04 v2.10 package option processing (HA)

(/usr/share/texlive/texmf-dist/tex/generic/xkeyval/xkeyval.tex
(/usr/share/texlive/texmf-dist/tex/generic/xkeyval/xkvutils.tex
\XKV@toks=\toks18
\XKV@tempa@toks=\toks19
\XKV@tempb@toks=\toks20
)
\XKV@depth=\count277
File: xkeyval.tex 2014/12/03 v2.7a key=value parser (HA)
))
iacrcc:closed with /usr/share/texlive/texmf-dist/tex/latex/xkeyval/xkeyval.sty
iacrcc:opened with /usr/share/texlive/texmf-dist/tex/latex/etoolbox/etoolbox.st
y

(/usr/share/texlive/texmf-dist/tex/latex/etoolbox/etoolbox.sty
Package: etoolbox 2025/10/02 v2.5m e-TeX tools for LaTeX (JAW)
\etb@tempcnta=\count278
)
iacrcc:closed with /usr/share/texlive/texmf-dist/tex/latex/etoolbox/etoolbox.st
y

Compiling version=preprint
iacrcc:opened with /usr/share/texlive/texmf-dist/tex/generic/xstring/xstring.st
y
(/usr/share/texlive/texmf-dist/tex/generic/xstring/xstring.sty
(/usr/share/texlive/texmf-dist/tex/generic/xstring/xstring.tex
\xs_counta=\count279
\xs_countb=\count280
)
Package: xstring 2023/08/22 v1.86 String manipulations (CT)
)
iacrcc:closed with /usr/share/texlive/texmf-dist/tex/generic/xstring/xstring.st
y
iacrcc:opened with /usr/share/texlive/texmf-dist/tex/latex/base/article.cls

(/usr/share/texlive/texmf-dist/tex/latex/base/article.cls
Document Class: article 2025/01/22 v1.4n Standard LaTeX document class
iacrcc:opened with /usr/share/texlive/texmf-dist/tex/latex/base/size10.clo
(/usr/share/texlive/texmf-dist/tex/latex/base/size10.clo
File: size10.clo 2025/01/22 v1.4n Standard LaTeX file (size option)
)
iacrcc:closed with /usr/share/texlive/texmf-dist/tex/latex/base/size10.clo
\c@part=\count281
\c@section=\count282
\c@subsection=\count283
\c@subsubsection=\count284
\c@paragraph=\count285
\c@subparagraph=\count286
\c@figure=\count287
\c@table=\count288
\abovecaptionskip=\skip49
\belowcaptionskip=\skip50
\bibindent=\dimen148
)
iacrcc:closed with /usr/share/texlive/texmf-dist/tex/latex/base/article.cls
iacrcc:opened with /usr/share/texlive/texmf-dist/tex/generic/iftex/iftex.sty

(/usr/share/texlive/texmf-dist/tex/generic/iftex/iftex.sty
Package: iftex 2024/12/12 v1.0g TeX engine tests
)
iacrcc:closed with /usr/share/texlive/texmf-dist/tex/generic/iftex/iftex.sty
iacrcc:opened with /usr/share/texlive/texmf-dist/tex/latex/geometry/geometry.st
y

(/usr/share/texlive/texmf-dist/tex/latex/geometry/geometry.sty
Package: geometry 2020/01/02 v5.9 Page Geometry
iacrcc:opened with /usr/share/texlive/texmf-dist/tex/generic/iftex/ifvtex.sty

(/usr/share/texlive/texmf-dist/tex/generic/iftex/ifvtex.sty
Package: ifvtex 2019/10/25 v1.7 ifvtex legacy package. Use iftex instead.
)
iacrcc:closed with /usr/share/texlive/texmf-dist/tex/generic/iftex/ifvtex.sty
\Gm@cnth=\count289
\Gm@cntv=\count290
\c@Gm@tempcnt=\count291
\Gm@bindingoffset=\dimen149
\Gm@wd@mp=\dimen150
\Gm@odd@mp=\dimen151
\Gm@even@mp=\dimen152
\Gm@layoutwidth=\dimen153
\Gm@layoutheight=\dimen154
\Gm@layouthoffset=\dimen155
\Gm@layoutvoffset=\dimen156
\Gm@dimlist=\toks21
)
iacrcc:closed with /usr/share/texlive/texmf-dist/tex/latex/geometry/geometry.st
y
iacrcc:opened with /usr/share/texlive/texmf-dist/tex/latex/tools/afterpage.sty

(/usr/share/texlive/texmf-dist/tex/latex/tools/afterpage.sty
Package: afterpage 2023/07/04 v1.08 After-Page Package (DPC)
\AP@output=\toks22
\AP@partial=\box53
\AP@footins=\box54
)
iacrcc:closed with /usr/share/texlive/texmf-dist/tex/latex/tools/afterpage.sty
iacrcc:opened with /usr/share/texlive/texmf-dist/tex/latex/pgf/frontendlayer/ti
kz.sty

(/usr/share/texlive/texmf-dist/tex/latex/pgf/frontendlayer/tikz.sty
iacrcc:opened with /usr/share/texlive/texmf-dist/tex/latex/pgf/basiclayer/pgf.s
ty

(/usr/share/texlive/texmf-dist/tex/latex/pgf/basiclayer/pgf.sty
iacrcc:opened with /usr/share/texlive/texmf-dist/tex/latex/pgf/utilities/pgfrcs
.sty

(/usr/share/texlive/texmf-dist/tex/latex/pgf/utilities/pgfrcs.sty
(/usr/share/texlive/texmf-dist/tex/generic/pgf/utilities/pgfutil-common.tex
\pgfutil@everybye=\toks23
\pgfutil@tempdima=\dimen157
\pgfutil@tempdimb=\dimen158
)
(/usr/share/texlive/texmf-dist/tex/generic/pgf/utilities/pgfutil-latex.def
\pgfutil@abb=\box55
)
iacrcc:opened with /usr/share/texlive/texmf-dist/tex/generic/pgf/utilities/pgfr
cs.code.tex

(/usr/share/texlive/texmf-dist/tex/generic/pgf/utilities/pgfrcs.code.tex
(/usr/share/texlive/texmf-dist/tex/generic/pgf/pgf.revision.tex)
Package: pgfrcs 2025-08-29 v3.1.11a (3.1.11a)
)
iacrcc:closed with /usr/share/texlive/texmf-dist/tex/generic/pgf/utilities/pgfr
cs.code.tex
)
iacrcc:closed with /usr/share/texlive/texmf-dist/tex/latex/pgf/utilities/pgfrcs
.sty
Package: pgf 2025-08-29 v3.1.11a (3.1.11a)
iacrcc:opened with /usr/share/texlive/texmf-dist/tex/latex/pgf/basiclayer/pgfco
re.sty

(/usr/share/texlive/texmf-dist/tex/latex/pgf/basiclayer/pgfcore.sty
iacrcc:opened with /usr/share/texlive/texmf-dist/tex/latex/graphics/graphicx.st
y

(/usr/share/texlive/texmf-dist/tex/latex/graphics/graphicx.sty
Package: graphicx 2024/12/31 v1.2e Enhanced LaTeX Graphics (DPC,SPQR)
iacrcc:opened with /usr/share/texlive/texmf-dist/tex/latex/graphics/graphics.st
y

(/usr/share/texlive/texmf-dist/tex/latex/graphics/graphics.sty
Package: graphics 2024/08/06 v1.4g Standard LaTeX Graphics (DPC,SPQR)
iacrcc:opened with /usr/share/texlive/texmf-dist/tex/latex/graphics/trig.sty

(/usr/share/texlive/texmf-dist/tex/latex/graphics/trig.sty
Package: trig 2023/12/02 v1.11 sin cos tan (DPC)
)
iacrcc:closed with /usr/share/texlive/texmf-dist/tex/latex/graphics/trig.sty
iacrcc:opened with /usr/share/texlive/texmf-dist/tex/latex/graphics-cfg/graphic
s.cfg

(/usr/share/texlive/texmf-dist/tex/latex/graphics-cfg/graphics.cfg
File: graphics.cfg 2016/06/04 v1.11 sample graphics configuration
)
iacrcc:closed with /usr/share/texlive/texmf-dist/tex/latex/graphics-cfg/graphic
s.cfg
Package graphics Info: Driver file: pdftex.def on input line 106.
iacrcc:opened with /usr/share/texlive/texmf-dist/tex/latex/l3backend/l3backend-
pdftex.def

(/usr/share/texlive/texmf-dist/tex/latex/graphics-def/pdftex.def
File: pdftex.def 2025/09/29 v1.2d Graphics/color driver for pdftex
)
iacrcc:closed with /usr/share/texlive/texmf-dist/tex/latex/l3backend/l3backend-
pdftex.def
)
iacrcc:closed with /usr/share/texlive/texmf-dist/tex/latex/graphics/graphics.st
y
\Gin@req@height=\dimen159
\Gin@req@width=\dimen160
)
iacrcc:closed with /usr/share/texlive/texmf-dist/tex/latex/graphics/graphicx.st
y
iacrcc:opened with /usr/share/texlive/texmf-dist/tex/latex/pgf/systemlayer/pgfs
ys.sty

(/usr/share/texlive/texmf-dist/tex/latex/pgf/systemlayer/pgfsys.sty
iacrcc:opened with /usr/share/texlive/texmf-dist/tex/generic/pgf/systemlayer/pg
fsys.code.tex

(/usr/share/texlive/texmf-dist/tex/generic/pgf/systemlayer/pgfsys.code.tex
Package: pgfsys 2025-08-29 v3.1.11a (3.1.11a)

(/usr/share/texlive/texmf-dist/tex/generic/pgf/utilities/pgfkeys.code.tex
\pgfkeys@pathtoks=\toks24
\pgfkeys@temptoks=\toks25

(/usr/share/texlive/texmf-dist/tex/generic/pgf/utilities/pgfkeyslibraryfiltered
.code.tex
\pgfkeys@tmptoks=\toks26
))
\pgf@x=\dimen161
\pgf@y=\dimen162
\pgf@xa=\dimen163
\pgf@ya=\dimen164
\pgf@xb=\dimen165
\pgf@yb=\dimen166
\pgf@xc=\dimen167
\pgf@yc=\dimen168
\pgf@xd=\dimen169
\pgf@yd=\dimen170
\w@pgf@writea=\write3
\r@pgf@reada=\read2
\c@pgf@counta=\count292
\c@pgf@countb=\count293
\c@pgf@countc=\count294
\c@pgf@countd=\count295
\t@pgf@toka=\toks27
\t@pgf@tokb=\toks28
\t@pgf@tokc=\toks29
\pgf@sys@id@count=\count296
 (/usr/share/texlive/texmf-dist/tex/generic/pgf/systemlayer/pgf.cfg
File: pgf.cfg 2025-08-29 v3.1.11a (3.1.11a)
)
Driver file for pgf: pgfsys-pdftex.def
(/usr/share/texlive/texmf-dist/tex/generic/pgf/systemlayer/pgfsys-pdftex.def
File: pgfsys-pdftex.def 2025-08-29 v3.1.11a (3.1.11a)

(/usr/share/texlive/texmf-dist/tex/generic/pgf/systemlayer/pgfsys-common-pdf.de
f
File: pgfsys-common-pdf.def 2025-08-29 v3.1.11a (3.1.11a)
)))
iacrcc:closed with /usr/share/texlive/texmf-dist/tex/generic/pgf/systemlayer/pg
fsys.code.tex
iacrcc:opened with /usr/share/texlive/texmf-dist/tex/generic/pgf/systemlayer/pg
fsyssoftpath.code.tex

(/usr/share/texlive/texmf-dist/tex/generic/pgf/systemlayer/pgfsyssoftpath.code.
tex
File: pgfsyssoftpath.code.tex 2025-08-29 v3.1.11a (3.1.11a)
\pgfsyssoftpath@smallbuffer@items=\count297
\pgfsyssoftpath@bigbuffer@items=\count298
)
iacrcc:closed with /usr/share/texlive/texmf-dist/tex/generic/pgf/systemlayer/pg
fsyssoftpath.code.tex
iacrcc:opened with /usr/share/texlive/texmf-dist/tex/generic/pgf/systemlayer/pg
fsysprotocol.code.tex

(/usr/share/texlive/texmf-dist/tex/generic/pgf/systemlayer/pgfsysprotocol.code.
tex
File: pgfsysprotocol.code.tex 2025-08-29 v3.1.11a (3.1.11a)
)
iacrcc:closed with /usr/share/texlive/texmf-dist/tex/generic/pgf/systemlayer/pg
fsysprotocol.code.tex
)
iacrcc:closed with /usr/share/texlive/texmf-dist/tex/latex/pgf/systemlayer/pgfs
ys.sty
iacrcc:opened with /usr/share/texlive/texmf-dist/tex/latex/xcolor/xcolor.sty
 (/usr/share/texlive/texmf-dist/tex/latex/xcolor/xcolor.sty
Package: xcolor 2024/09/29 v3.02 LaTeX color extensions (UK)
iacrcc:opened with /usr/share/texlive/texmf-dist/tex/latex/graphics-cfg/color.c
fg

(/usr/share/texlive/texmf-dist/tex/latex/graphics-cfg/color.cfg
File: color.cfg 2016/01/02 v1.6 sample color configuration
)
iacrcc:closed with /usr/share/texlive/texmf-dist/tex/latex/graphics-cfg/color.c
fg
Package xcolor Info: Driver file: pdftex.def on input line 274.
iacrcc:opened with /usr/share/texlive/texmf-dist/tex/latex/graphics/mathcolor.l
tx

(/usr/share/texlive/texmf-dist/tex/latex/graphics/mathcolor.ltx)
iacrcc:closed with /usr/share/texlive/texmf-dist/tex/latex/graphics/mathcolor.l
tx
Package xcolor Info: Model `cmy' substituted by `cmy0' on input line 1349.
Package xcolor Info: Model `hsb' substituted by `rgb' on input line 1353.
Package xcolor Info: Model `RGB' extended on input line 1365.
Package xcolor Info: Model `HTML' substituted by `rgb' on input line 1367.
Package xcolor Info: Model `Hsb' substituted by `hsb' on input line 1368.
Package xcolor Info: Model `tHsb' substituted by `hsb' on input line 1369.
Package xcolor Info: Model `HSB' substituted by `hsb' on input line 1370.
Package xcolor Info: Model `Gray' substituted by `gray' on input line 1371.
Package xcolor Info: Model `wave' substituted by `hsb' on input line 1372.
)
iacrcc:closed with /usr/share/texlive/texmf-dist/tex/latex/xcolor/xcolor.sty
iacrcc:opened with /usr/share/texlive/texmf-dist/tex/generic/pgf/basiclayer/pgf
core.code.tex

(/usr/share/texlive/texmf-dist/tex/generic/pgf/basiclayer/pgfcore.code.tex
Package: pgfcore 2025-08-29 v3.1.11a (3.1.11a)

(/usr/share/texlive/texmf-dist/tex/generic/pgf/math/pgfmath.code.tex
(/usr/share/texlive/texmf-dist/tex/generic/pgf/math/pgfmathutil.code.tex)
(/usr/share/texlive/texmf-dist/tex/generic/pgf/math/pgfmathparser.code.tex
\pgfmath@dimen=\dimen171
\pgfmath@count=\count299
\pgfmath@box=\box56
\pgfmath@toks=\toks30
\pgfmath@stack@operand=\toks31
\pgfmath@stack@operation=\toks32
)
(/usr/share/texlive/texmf-dist/tex/generic/pgf/math/pgfmathfunctions.code.tex)
(/usr/share/texlive/texmf-dist/tex/generic/pgf/math/pgfmathfunctions.basic.code
.tex)
(/usr/share/texlive/texmf-dist/tex/generic/pgf/math/pgfmathfunctions.trigonomet
ric.code.tex)
(/usr/share/texlive/texmf-dist/tex/generic/pgf/math/pgfmathfunctions.random.cod
e.tex)
(/usr/share/texlive/texmf-dist/tex/generic/pgf/math/pgfmathfunctions.comparison
.code.tex)
(/usr/share/texlive/texmf-dist/tex/generic/pgf/math/pgfmathfunctions.base.code.
tex)
(/usr/share/texlive/texmf-dist/tex/generic/pgf/math/pgfmathfunctions.round.code
.tex)
(/usr/share/texlive/texmf-dist/tex/generic/pgf/math/pgfmathfunctions.misc.code.
tex)
(/usr/share/texlive/texmf-dist/tex/generic/pgf/math/pgfmathfunctions.integerari
thmetics.code.tex)
(/usr/share/texlive/texmf-dist/tex/generic/pgf/math/pgfmathcalc.code.tex)
(/usr/share/texlive/texmf-dist/tex/generic/pgf/math/pgfmathfloat.code.tex
\c@pgfmathroundto@lastzeros=\count300
))
(/usr/share/texlive/texmf-dist/tex/generic/pgf/math/pgfint.code.tex)
(/usr/share/texlive/texmf-dist/tex/generic/pgf/basiclayer/pgfcorepoints.code.te
x
File: pgfcorepoints.code.tex 2025-08-29 v3.1.11a (3.1.11a)
\pgf@picminx=\dimen172
\pgf@picmaxx=\dimen173
\pgf@picminy=\dimen174
\pgf@picmaxy=\dimen175
\pgf@pathminx=\dimen176
\pgf@pathmaxx=\dimen177
\pgf@pathminy=\dimen178
\pgf@pathmaxy=\dimen179
\pgf@xx=\dimen180
\pgf@xy=\dimen181
\pgf@yx=\dimen182
\pgf@yy=\dimen183
\pgf@zx=\dimen184
\pgf@zy=\dimen185
)
(/usr/share/texlive/texmf-dist/tex/generic/pgf/basiclayer/pgfcorepathconstruct.
code.tex
File: pgfcorepathconstruct.code.tex 2025-08-29 v3.1.11a (3.1.11a)
\pgf@path@lastx=\dimen186
\pgf@path@lasty=\dimen187
)
(/usr/share/texlive/texmf-dist/tex/generic/pgf/basiclayer/pgfcorepathusage.code
.tex
File: pgfcorepathusage.code.tex 2025-08-29 v3.1.11a (3.1.11a)
\pgf@shorten@end@additional=\dimen188
\pgf@shorten@start@additional=\dimen189
)
(/usr/share/texlive/texmf-dist/tex/generic/pgf/basiclayer/pgfcorescopes.code.te
x
File: pgfcorescopes.code.tex 2025-08-29 v3.1.11a (3.1.11a)
\pgfpic=\box57
\pgf@hbox=\box58
\pgf@layerbox@main=\box59
\pgf@picture@serial@count=\count301
)
(/usr/share/texlive/texmf-dist/tex/generic/pgf/basiclayer/pgfcoregraphicstate.c
ode.tex
File: pgfcoregraphicstate.code.tex 2025-08-29 v3.1.11a (3.1.11a)
\pgflinewidth=\dimen190
)
(/usr/share/texlive/texmf-dist/tex/generic/pgf/basiclayer/pgfcoretransformation
s.code.tex
File: pgfcoretransformations.code.tex 2025-08-29 v3.1.11a (3.1.11a)
\pgf@pt@x=\dimen191
\pgf@pt@y=\dimen192
\pgf@pt@temp=\dimen193
)
(/usr/share/texlive/texmf-dist/tex/generic/pgf/basiclayer/pgfcorequick.code.tex
File: pgfcorequick.code.tex 2025-08-29 v3.1.11a (3.1.11a)
)
(/usr/share/texlive/texmf-dist/tex/generic/pgf/basiclayer/pgfcoreobjects.code.t
ex
File: pgfcoreobjects.code.tex 2025-08-29 v3.1.11a (3.1.11a)
)
(/usr/share/texlive/texmf-dist/tex/generic/pgf/basiclayer/pgfcorepathprocessing
.code.tex
File: pgfcorepathprocessing.code.tex 2025-08-29 v3.1.11a (3.1.11a)
)
(/usr/share/texlive/texmf-dist/tex/generic/pgf/basiclayer/pgfcorearrows.code.te
x
File: pgfcorearrows.code.tex 2025-08-29 v3.1.11a (3.1.11a)
\pgfarrowsep=\dimen194
)
(/usr/share/texlive/texmf-dist/tex/generic/pgf/basiclayer/pgfcoreshade.code.tex
File: pgfcoreshade.code.tex 2025-08-29 v3.1.11a (3.1.11a)
\pgf@max=\dimen195
\pgf@sys@shading@range@num=\count302
\pgf@shadingcount=\count303
)
(/usr/share/texlive/texmf-dist/tex/generic/pgf/basiclayer/pgfcoreimage.code.tex
File: pgfcoreimage.code.tex 2025-08-29 v3.1.11a (3.1.11a)
)
(/usr/share/texlive/texmf-dist/tex/generic/pgf/basiclayer/pgfcoreexternal.code.
tex
File: pgfcoreexternal.code.tex 2025-08-29 v3.1.11a (3.1.11a)
\pgfexternal@startupbox=\box60
)
(/usr/share/texlive/texmf-dist/tex/generic/pgf/basiclayer/pgfcorelayers.code.te
x
File: pgfcorelayers.code.tex 2025-08-29 v3.1.11a (3.1.11a)
)
(/usr/share/texlive/texmf-dist/tex/generic/pgf/basiclayer/pgfcoretransparency.c
ode.tex
File: pgfcoretransparency.code.tex 2025-08-29 v3.1.11a (3.1.11a)
)
(/usr/share/texlive/texmf-dist/tex/generic/pgf/basiclayer/pgfcorepatterns.code.
tex
File: pgfcorepatterns.code.tex 2025-08-29 v3.1.11a (3.1.11a)
)
(/usr/share/texlive/texmf-dist/tex/generic/pgf/basiclayer/pgfcorerdf.code.tex
File: pgfcorerdf.code.tex 2025-08-29 v3.1.11a (3.1.11a)
))
iacrcc:closed with /usr/share/texlive/texmf-dist/tex/generic/pgf/basiclayer/pgf
core.code.tex
)
iacrcc:closed with /usr/share/texlive/texmf-dist/tex/latex/pgf/basiclayer/pgfco
re.sty

(/usr/share/texlive/texmf-dist/tex/generic/pgf/modules/pgfmoduleshapes.code.tex
File: pgfmoduleshapes.code.tex 2025-08-29 v3.1.11a (3.1.11a)
\pgfnodeparttextbox=\box61
) (/usr/share/texlive/texmf-dist/tex/generic/pgf/modules/pgfmoduleplot.code.tex
File: pgfmoduleplot.code.tex 2025-08-29 v3.1.11a (3.1.11a)
)
iacrcc:opened with /usr/share/texlive/texmf-dist/tex/latex/pgf/compatibility/pg
fcomp-version-0-65.sty

(/usr/share/texlive/texmf-dist/tex/latex/pgf/compatibility/pgfcomp-version-0-65
.sty
Package: pgfcomp-version-0-65 2025-08-29 v3.1.11a (3.1.11a)
\pgf@nodesepstart=\dimen196
\pgf@nodesepend=\dimen197
)
iacrcc:closed with /usr/share/texlive/texmf-dist/tex/latex/pgf/compatibility/pg
fcomp-version-0-65.sty
iacrcc:opened with /usr/share/texlive/texmf-dist/tex/latex/pgf/compatibility/pg
fcomp-version-1-18.sty

(/usr/share/texlive/texmf-dist/tex/latex/pgf/compatibility/pgfcomp-version-1-18
.sty
Package: pgfcomp-version-1-18 2025-08-29 v3.1.11a (3.1.11a)
)
iacrcc:closed with /usr/share/texlive/texmf-dist/tex/latex/pgf/compatibility/pg
fcomp-version-1-18.sty
)
iacrcc:closed with /usr/share/texlive/texmf-dist/tex/latex/pgf/basiclayer/pgf.s
ty
iacrcc:opened with /usr/share/texlive/texmf-dist/tex/latex/pgf/utilities/pgffor
.sty
 (/usr/share/texlive/texmf-dist/tex/latex/pgf/utilities/pgffor.sty
iacrcc:opened with /usr/share/texlive/texmf-dist/tex/latex/pgf/utilities/pgfkey
s.sty

(/usr/share/texlive/texmf-dist/tex/latex/pgf/utilities/pgfkeys.sty
iacrcc:opened with /usr/share/texlive/texmf-dist/tex/generic/pgf/utilities/pgfk
eys.code.tex

(/usr/share/texlive/texmf-dist/tex/generic/pgf/utilities/pgfkeys.code.tex)
iacrcc:closed with /usr/share/texlive/texmf-dist/tex/generic/pgf/utilities/pgfk
eys.code.tex
)
iacrcc:closed with /usr/share/texlive/texmf-dist/tex/latex/pgf/utilities/pgfkey
s.sty
iacrcc:opened with /usr/share/texlive/texmf-dist/tex/latex/pgf/math/pgfmath.sty


(/usr/share/texlive/texmf-dist/tex/latex/pgf/math/pgfmath.sty
iacrcc:opened with /usr/share/texlive/texmf-dist/tex/generic/pgf/math/pgfmath.c
ode.tex

(/usr/share/texlive/texmf-dist/tex/generic/pgf/math/pgfmath.code.tex)
iacrcc:closed with /usr/share/texlive/texmf-dist/tex/generic/pgf/math/pgfmath.c
ode.tex
)
iacrcc:closed with /usr/share/texlive/texmf-dist/tex/latex/pgf/math/pgfmath.sty

iacrcc:opened with /usr/share/texlive/texmf-dist/tex/generic/pgf/utilities/pgff
or.code.tex

(/usr/share/texlive/texmf-dist/tex/generic/pgf/utilities/pgffor.code.tex
Package: pgffor 2025-08-29 v3.1.11a (3.1.11a)
\pgffor@iter=\dimen198
\pgffor@skip=\dimen199
\pgffor@stack=\toks33
\pgffor@toks=\toks34
)
iacrcc:closed with /usr/share/texlive/texmf-dist/tex/generic/pgf/utilities/pgff
or.code.tex
)
iacrcc:closed with /usr/share/texlive/texmf-dist/tex/latex/pgf/utilities/pgffor
.sty
iacrcc:opened with /usr/share/texlive/texmf-dist/tex/generic/pgf/frontendlayer/
tikz/tikz.code.tex

(/usr/share/texlive/texmf-dist/tex/generic/pgf/frontendlayer/tikz/tikz.code.tex
Package: tikz 2025-08-29 v3.1.11a (3.1.11a)

(/usr/share/texlive/texmf-dist/tex/generic/pgf/libraries/pgflibraryplothandlers
.code.tex
File: pgflibraryplothandlers.code.tex 2025-08-29 v3.1.11a (3.1.11a)
\pgf@plot@mark@count=\count304
\pgfplotmarksize=\dimen256
)
\tikz@lastx=\dimen257
\tikz@lasty=\dimen258
\tikz@lastxsaved=\dimen259
\tikz@lastysaved=\dimen260
\tikz@lastmovetox=\dimen261
\tikz@lastmovetoy=\dimen262
\tikzleveldistance=\dimen263
\tikzsiblingdistance=\dimen264
\tikz@figbox=\box62
\tikz@figbox@bg=\box63
\tikz@tempbox=\box64
\tikz@tempbox@bg=\box65
\tikztreelevel=\count305
\tikznumberofchildren=\count306
\tikznumberofcurrentchild=\count307
\tikz@fig@count=\count308

(/usr/share/texlive/texmf-dist/tex/generic/pgf/modules/pgfmodulematrix.code.tex
File: pgfmodulematrix.code.tex 2025-08-29 v3.1.11a (3.1.11a)
\pgfmatrixcurrentrow=\count309
\pgfmatrixcurrentcolumn=\count310
\pgf@matrix@numberofcolumns=\count311
)
\tikz@expandcount=\count312

(/usr/share/texlive/texmf-dist/tex/generic/pgf/frontendlayer/tikz/libraries/tik
zlibrarytopaths.code.tex
File: tikzlibrarytopaths.code.tex 2025-08-29 v3.1.11a (3.1.11a)
))
iacrcc:closed with /usr/share/texlive/texmf-dist/tex/generic/pgf/frontendlayer/
tikz/tikz.code.tex
)
iacrcc:closed with /usr/share/texlive/texmf-dist/tex/latex/pgf/frontendlayer/ti
kz.sty

(/usr/share/texlive/texmf-dist/tex/generic/pgf/frontendlayer/tikz/libraries/tik
zlibrarysvg.path.code.tex
File: tikzlibrarysvg.path.code.tex 2025-08-29 v3.1.11a (3.1.11a)

(/usr/share/texlive/texmf-dist/tex/generic/pgf/libraries/pgflibrarysvg.path.cod
e.tex
File: pgflibrarysvg.path.code.tex 2025-08-29 v3.1.11a (3.1.11a)

(/usr/share/texlive/texmf-dist/tex/generic/pgf/modules/pgfmoduleparser.code.tex
File: pgfmoduleparser.code.tex 2025-08-29 v3.1.11a (3.1.11a)
\pgfparserdef@arg@count=\count313
)
\pgf@lib@svg@last@x=\dimen265
\pgf@lib@svg@last@y=\dimen266
\pgf@lib@svg@last@c@x=\dimen267
\pgf@lib@svg@last@c@y=\dimen268
\pgf@lib@svg@count=\count314
\pgf@lib@svg@max@num=\count315
))
\@curXheight=\skip51
\c@IACR@author@cnt=\count316
\c@IACR@inst@cnt=\count317
\c@IACR@email@cnt=\count318
\iacrmeta=\write4
\openout4 = `template.meta'.

iacrcc:opened with /usr/share/texlive/texmf-dist/tex/latex/xpatch/xpatch.sty
 (/usr/share/texlive/texmf-dist/tex/latex/xpatch/xpatch.sty
Package: xpatch 2020/03/25 v0.3a Extending etoolbox patching commands
iacrcc:opened with /usr/share/texlive/texmf-dist/tex/latex/l3packages/xparse/xp
arse.sty

(/usr/share/texlive/texmf-dist/tex/latex/l3packages/xparse/xparse.sty
Package: xparse 2025-10-09 L3 Experimental document command parser
)
iacrcc:closed with /usr/share/texlive/texmf-dist/tex/latex/l3packages/xparse/xp
arse.sty
)
iacrcc:closed with /usr/share/texlive/texmf-dist/tex/latex/xpatch/xpatch.sty
iacrcc:opened with /usr/share/texlive/texmf-dist/tex/generic/alphalph/alphalph.
sty

(/usr/share/texlive/texmf-dist/tex/generic/alphalph/alphalph.sty
Package: alphalph 2019/12/09 v2.6 Convert numbers to letters (HO)
iacrcc:opened with /usr/share/texlive/texmf-dist/tex/generic/infwarerr/infwarer
r.sty

(/usr/share/texlive/texmf-dist/tex/generic/infwarerr/infwarerr.sty
Package: infwarerr 2019/12/03 v1.5 Providing info/warning/error messages (HO)
)
iacrcc:closed with /usr/share/texlive/texmf-dist/tex/generic/infwarerr/infwarer
r.sty
iacrcc:opened with /usr/share/texlive/texmf-dist/tex/generic/intcalc/intcalc.st
y

(/usr/share/texlive/texmf-dist/tex/generic/intcalc/intcalc.sty
Package: intcalc 2019/12/15 v1.3 Expandable calculations with integers (HO)
)
iacrcc:closed with /usr/share/texlive/texmf-dist/tex/generic/intcalc/intcalc.st
y
)
iacrcc:closed with /usr/share/texlive/texmf-dist/tex/generic/alphalph/alphalph.
sty
iacrcc:opened with /usr/share/texlive/texmf-dist/tex/generic/tokcycle/tokcycle.
sty

(/usr/share/texlive/texmf-dist/tex/generic/tokcycle/tokcycle.sty
(/usr/share/texlive/texmf-dist/tex/generic/tokcycle/tokcycle.tex
\tc@tok=\toks35
\tcdepth=\count319
\cytoks=\toks36
)
Package: tokcycle 2025/04/02 V1.5 Cycle through and transform a stream of token
s
)
iacrcc:closed with /usr/share/texlive/texmf-dist/tex/generic/tokcycle/tokcycle.
sty
iacrcc:opened with /usr/share/texlive/texmf-dist/tex/generic/listofitems/listof
items.sty

(/usr/share/texlive/texmf-dist/tex/generic/listofitems/listofitems.sty
(/usr/share/texlive/texmf-dist/tex/generic/listofitems/listofitems.tex
\loi_cnt_foreach_nest=\count320
\loi_nestcnt=\count321
)
Package: listofitems 2024/03/09 v1.65 Grab items in lists using user-specified 
sep char (CT)
)
iacrcc:closed with /usr/share/texlive/texmf-dist/tex/generic/listofitems/listof
items.sty
iacrcc:opened with /usr/share/texlive/texmf-dist/tex/latex/fancyhdr/fancyhdr.st
y

(/usr/share/texlive/texmf-dist/tex/latex/fancyhdr/fancyhdr.sty
Package: fancyhdr 2025/02/07 v5.2 Extensive control of page headers and footers

\f@nch@headwidth=\skip52
\f@nch@offset@elh=\skip53
\f@nch@offset@erh=\skip54
\f@nch@offset@olh=\skip55
\f@nch@offset@orh=\skip56
\f@nch@offset@elf=\skip57
\f@nch@offset@erf=\skip58
\f@nch@offset@olf=\skip59
\f@nch@offset@orf=\skip60
\f@nch@height=\skip61
\f@nch@footalignment=\skip62
\f@nch@widthL=\skip63
\f@nch@widthC=\skip64
\f@nch@widthR=\skip65
\@temptokenb=\toks37
)
iacrcc:closed with /usr/share/texlive/texmf-dist/tex/latex/fancyhdr/fancyhdr.st
y
iacrcc:opened with /usr/share/texlive/texmf-dist/tex/latex/xurl/xurl.sty

(/usr/share/texlive/texmf-dist/tex/latex/xurl/xurl.sty
Package: xurl 2022/01/09 v 0.10 modify URL breaks
iacrcc:opened with /usr/share/texlive/texmf-dist/tex/latex/xurl/xurl.sty

(/usr/share/texlive/texmf-dist/tex/latex/url/url.sty
\Urlmuskip=\muskip17
Package: url 2013/09/16  ver 3.4  Verb mode for urls, etc.
)
iacrcc:closed with /usr/share/texlive/texmf-dist/tex/latex/xurl/xurl.sty
)
iacrcc:closed with /usr/share/texlive/texmf-dist/tex/latex/xurl/xurl.sty
iacrcc:opened with /usr/share/texlive/texmf-dist/tex/latex/fancyvrb/fancyvrb.st
y

(/usr/share/texlive/texmf-dist/tex/latex/fancyvrb/fancyvrb.sty
Package: fancyvrb 2025/07/28 4.6 verbatim text (tvz,hv)
\FV@CodeLineNo=\count322
\FV@InFile=\read3
\FV@TabBox=\box66
\c@FancyVerbLine=\count323
\FV@StepNumber=\count324
\FV@OutFile=\write5
)
iacrcc:closed with /usr/share/texlive/texmf-dist/tex/latex/fancyvrb/fancyvrb.st
y
iacrcc:opened with /usr/share/texlive/texmf-dist/tex/latex/amsmath/amsmath.sty

(/usr/share/texlive/texmf-dist/tex/latex/amsmath/amsmath.sty
Package: amsmath 2025/07/09 v2.17z AMS math features
\@mathmargin=\skip66

For additional information on amsmath, use the `?' option.
iacrcc:opened with /usr/share/texlive/texmf-dist/tex/latex/amsmath/amstext.sty
(/usr/share/texlive/texmf-dist/tex/latex/amsmath/amstext.sty
Package: amstext 2024/11/17 v2.01 AMS text
iacrcc:opened with /usr/share/texlive/texmf-dist/tex/latex/amsmath/amsgen.sty

(/usr/share/texlive/texmf-dist/tex/latex/amsmath/amsgen.sty
File: amsgen.sty 1999/11/30 v2.0 generic functions
\@emptytoks=\toks38
\ex@=\dimen269
)
iacrcc:closed with /usr/share/texlive/texmf-dist/tex/latex/amsmath/amsgen.sty
)
iacrcc:closed with /usr/share/texlive/texmf-dist/tex/latex/amsmath/amstext.sty
iacrcc:opened with /usr/share/texlive/texmf-dist/tex/latex/amsmath/amsbsy.sty

(/usr/share/texlive/texmf-dist/tex/latex/amsmath/amsbsy.sty
Package: amsbsy 1999/11/29 v1.2d Bold Symbols
\pmbraise@=\dimen270
)
iacrcc:closed with /usr/share/texlive/texmf-dist/tex/latex/amsmath/amsbsy.sty
iacrcc:opened with /usr/share/texlive/texmf-dist/tex/latex/amsmath/amsopn.sty

(/usr/share/texlive/texmf-dist/tex/latex/amsmath/amsopn.sty
Package: amsopn 2022/04/08 v2.04 operator names
)
iacrcc:closed with /usr/share/texlive/texmf-dist/tex/latex/amsmath/amsopn.sty
\inf@bad=\count325
LaTeX Info: Redefining \frac on input line 233.
\uproot@=\count326
\leftroot@=\count327
LaTeX Info: Redefining \overline on input line 398.
LaTeX Info: Redefining \colon on input line 409.
\classnum@=\count328
\DOTSCASE@=\count329
LaTeX Info: Redefining \ldots on input line 495.
LaTeX Info: Redefining \dots on input line 498.
LaTeX Info: Redefining \cdots on input line 619.
\Mathstrutbox@=\box67
\strutbox@=\box68
LaTeX Info: Redefining \big on input line 721.
LaTeX Info: Redefining \Big on input line 722.
LaTeX Info: Redefining \bigg on input line 723.
LaTeX Info: Redefining \Bigg on input line 724.
\big@size=\dimen271
LaTeX Font Info:    Redeclaring font encoding OML on input line 742.
LaTeX Font Info:    Redeclaring font encoding OMS on input line 743.
\macc@depth=\count330
LaTeX Info: Redefining \bmod on input line 904.
LaTeX Info: Redefining \pmod on input line 909.
LaTeX Info: Redefining \smash on input line 939.
LaTeX Info: Redefining \relbar on input line 969.
LaTeX Info: Redefining \Relbar on input line 970.
\c@MaxMatrixCols=\count331
\dotsspace@=\muskip18
\c@parentequation=\count332
\dspbrk@lvl=\count333
\tag@help=\toks39
\row@=\count334
\column@=\count335
\maxfields@=\count336
\andhelp@=\toks40
\eqnshift@=\dimen272
\alignsep@=\dimen273
\tagshift@=\dimen274
\tagwidth@=\dimen275
\totwidth@=\dimen276
\lineht@=\dimen277
\@envbody=\toks41
\multlinegap=\skip67
\multlinetaggap=\skip68
\mathdisplay@stack=\toks42
LaTeX Info: Redefining \[ on input line 2950.
LaTeX Info: Redefining \] on input line 2951.
)
iacrcc:closed with /usr/share/texlive/texmf-dist/tex/latex/amsmath/amsmath.sty
iacrcc:opened with /usr/share/texlive/texmf-dist/tex/latex/amsfonts/amssymb.sty


(/usr/share/texlive/texmf-dist/tex/latex/amsfonts/amssymb.sty
Package: amssymb 2013/01/14 v3.01 AMS font symbols
iacrcc:opened with /usr/share/texlive/texmf-dist/tex/latex/amsfonts/amsfonts.st
y

(/usr/share/texlive/texmf-dist/tex/latex/amsfonts/amsfonts.sty
Package: amsfonts 2013/01/14 v3.01 Basic AMSFonts support
\symAMSa=\mathgroup4
\symAMSb=\mathgroup5
LaTeX Font Info:    Redeclaring math symbol \hbar on input line 98.
LaTeX Font Info:    Overwriting math alphabet `\mathfrak' in version `bold'
(Font)                  U/euf/m/n --> U/euf/b/n on input line 106.
)
iacrcc:closed with /usr/share/texlive/texmf-dist/tex/latex/amsfonts/amsfonts.st
y
)
iacrcc:closed with /usr/share/texlive/texmf-dist/tex/latex/amsfonts/amssymb.sty

iacrcc:opened with /usr/share/texlive/texmf-dist/tex/latex/amscls/amsthm.sty

(/usr/share/texlive/texmf-dist/tex/latex/amscls/amsthm.sty
Package: amsthm 2020/05/29 v2.20.6
\thm@style=\toks43
\thm@bodyfont=\toks44
\thm@headfont=\toks45
\thm@notefont=\toks46
\thm@headpunct=\toks47
\thm@preskip=\skip69
\thm@postskip=\skip70
\thm@headsep=\skip71
\dth@everypar=\toks48
)
iacrcc:closed with /usr/share/texlive/texmf-dist/tex/latex/amscls/amsthm.sty
iacrcc:opened with /usr/share/texlive/texmf-dist/tex/latex/mathtools/mathtools.
sty

(/usr/share/texlive/texmf-dist/tex/latex/mathtools/mathtools.sty
Package: mathtools 2024/10/04 v1.31 mathematical typesetting tools
iacrcc:opened with /usr/share/texlive/texmf-dist/tex/generic/intcalc/intcalc.st
y

(/usr/share/texlive/texmf-dist/tex/latex/tools/calc.sty
Package: calc 2025/03/01 v4.3b Infix arithmetic (KKT,FJ)
\calc@Acount=\count337
\calc@Bcount=\count338
\calc@Adimen=\dimen278
\calc@Bdimen=\dimen279
\calc@Askip=\skip72
\calc@Bskip=\skip73
LaTeX Info: Redefining \setlength on input line 86.
LaTeX Info: Redefining \addtolength on input line 87.
\calc@Ccount=\count339
\calc@Cskip=\skip74
)
iacrcc:closed with /usr/share/texlive/texmf-dist/tex/generic/intcalc/intcalc.st
y
iacrcc:opened with /usr/share/texlive/texmf-dist/tex/latex/mathtools/mhsetup.st
y

(/usr/share/texlive/texmf-dist/tex/latex/mathtools/mhsetup.sty
Package: mhsetup 2021/03/18 v1.4 programming setup (MH)
)
iacrcc:closed with /usr/share/texlive/texmf-dist/tex/latex/mathtools/mhsetup.st
y
\g_MT_multlinerow_int=\count340
\l_MT_multwidth_dim=\dimen280
\origjot=\skip75
\l_MT_shortvdotswithinadjustabove_dim=\dimen281
\l_MT_shortvdotswithinadjustbelow_dim=\dimen282
\l_MT_above_intertext_sep=\dimen283
\l_MT_below_intertext_sep=\dimen284
\l_MT_above_shortintertext_sep=\dimen285
\l_MT_below_shortintertext_sep=\dimen286
\xmathstrut@box=\box69
\xmathstrut@dim=\dimen287
)
iacrcc:closed with /usr/share/texlive/texmf-dist/tex/latex/mathtools/mathtools.
sty
\c@definition=\count341
\c@example=\count342
\c@exercise=\count343
\c@property=\count344
\c@question=\count345
\c@solution=\count346
\c@theorem=\count347
\c@proposition=\count348
\c@problem=\count349
\c@lemma=\count350
\c@conjecture=\count351
\c@corollary=\count352
\c@remark=\count353
\c@note=\count354
\c@case=\count355
iacrcc:opened with /usr/share/texlive/texmf-dist/tex/latex/float/float.sty

(/usr/share/texlive/texmf-dist/tex/latex/float/float.sty
Package: float 2001/11/08 v1.3d Float enhancements (AL)
\c@float@type=\count356
\float@exts=\toks49
\float@box=\box70
\@float@everytoks=\toks50
\@floatcapt=\box71
)
iacrcc:closed with /usr/share/texlive/texmf-dist/tex/latex/float/float.sty
\@float@every@table=\toks51
\@float@every@figure=\toks52
iacrcc:opened with /usr/share/texlive/texmf-dist/tex/latex/microtype/microtype.
sty

(/usr/share/texlive/texmf-dist/tex/latex/microtype/microtype.sty
Package: microtype 2025/07/09 v3.2b Micro-typographical refinements (RS)
\MT@toks=\toks53
\MT@tempbox=\box72
\MT@count=\count357
LaTeX Info: Redefining \noprotrusionifhmode on input line 1087.
LaTeX Info: Redefining \leftprotrusion on input line 1088.
\MT@prot@toks=\toks54
LaTeX Info: Redefining \rightprotrusion on input line 1107.
LaTeX Info: Redefining \textls on input line 1449.
\MT@outer@kern=\dimen288
LaTeX Info: Redefining \microtypecontext on input line 2053.
LaTeX Info: Redefining \textmicrotypecontext on input line 2070.
\MT@listname@count=\count358
iacrcc:opened with /usr/share/texlive/texmf-dist/tex/latex/microtype/microtype-
pdftex.def

(/usr/share/texlive/texmf-dist/tex/latex/microtype/microtype-pdftex.def
File: microtype-pdftex.def 2025/07/09 v3.2b Definitions specific to pdftex (RS)

LaTeX Info: Redefining \lsstyle on input line 944.
LaTeX Info: Redefining \lslig on input line 944.
\MT@outer@space=\skip76
)
iacrcc:closed with /usr/share/texlive/texmf-dist/tex/latex/microtype/microtype-
pdftex.def
Package microtype Info: Loading configuration file microtype.cfg.
iacrcc:opened with /usr/share/texlive/texmf-dist/tex/latex/microtype/microtype.
cfg

(/usr/share/texlive/texmf-dist/tex/latex/microtype/microtype.cfg
File: microtype.cfg 2025/07/09 v3.2b microtype main configuration file (RS)
)
iacrcc:closed with /usr/share/texlive/texmf-dist/tex/latex/microtype/microtype.
cfg
LaTeX Info: Redefining \microtypesetup on input line 3065.
)
iacrcc:closed with /usr/share/texlive/texmf-dist/tex/latex/microtype/microtype.
sty
iacrcc:opened with /usr/share/texmf/tex/latex/lm/lmodern.sty

(/usr/share/texmf/tex/latex/lm/lmodern.sty
Package: lmodern 2015/05/01 v1.6.1 Latin Modern Fonts
LaTeX Font Info:    Overwriting symbol font `operators' in version `normal'
(Font)                  OT1/cmr/m/n --> OT1/lmr/m/n on input line 22.
LaTeX Font Info:    Overwriting symbol font `letters' in version `normal'
(Font)                  OML/cmm/m/it --> OML/lmm/m/it on input line 23.
LaTeX Font Info:    Overwriting symbol font `symbols' in version `normal'
(Font)                  OMS/cmsy/m/n --> OMS/lmsy/m/n on input line 24.
LaTeX Font Info:    Overwriting symbol font `largesymbols' in version `normal'
(Font)                  OMX/cmex/m/n --> OMX/lmex/m/n on input line 25.
LaTeX Font Info:    Overwriting symbol font `operators' in version `bold'
(Font)                  OT1/cmr/bx/n --> OT1/lmr/bx/n on input line 26.
LaTeX Font Info:    Overwriting symbol font `letters' in version `bold'
(Font)                  OML/cmm/b/it --> OML/lmm/b/it on input line 27.
LaTeX Font Info:    Overwriting symbol font `symbols' in version `bold'
(Font)                  OMS/cmsy/b/n --> OMS/lmsy/b/n on input line 28.
LaTeX Font Info:    Overwriting symbol font `largesymbols' in version `bold'
(Font)                  OMX/cmex/m/n --> OMX/lmex/m/n on input line 29.
LaTeX Font Info:    Overwriting math alphabet `\mathbf' in version `normal'
(Font)                  OT1/cmr/bx/n --> OT1/lmr/bx/n on input line 31.
LaTeX Font Info:    Overwriting math alphabet `\mathsf' in version `normal'
(Font)                  OT1/cmss/m/n --> OT1/lmss/m/n on input line 32.
LaTeX Font Info:    Overwriting math alphabet `\mathit' in version `normal'
(Font)                  OT1/cmr/m/it --> OT1/lmr/m/it on input line 33.
LaTeX Font Info:    Overwriting math alphabet `\mathtt' in version `normal'
(Font)                  OT1/cmtt/m/n --> OT1/lmtt/m/n on input line 34.
LaTeX Font Info:    Overwriting math alphabet `\mathbf' in version `bold'
(Font)                  OT1/cmr/bx/n --> OT1/lmr/bx/n on input line 35.
LaTeX Font Info:    Overwriting math alphabet `\mathsf' in version `bold'
(Font)                  OT1/cmss/bx/n --> OT1/lmss/bx/n on input line 36.
LaTeX Font Info:    Overwriting math alphabet `\mathit' in version `bold'
(Font)                  OT1/cmr/bx/it --> OT1/lmr/bx/it on input line 37.
LaTeX Font Info:    Overwriting math alphabet `\mathtt' in version `bold'
(Font)                  OT1/cmtt/m/n --> OT1/lmtt/m/n on input line 38.
)
iacrcc:closed with /usr/share/texmf/tex/latex/lm/lmodern.sty
)
iacrcc:closed with /home/halil/Desktop/Makale/template.tex
iacrcc:opened with /usr/share/texlive/texmf-dist/tex/latex/algorithmicx/algpseu
docode.sty

(/usr/share/texlive/texmf-dist/tex/latex/algorithmicx/algpseudocode.sty
Package: algpseudocode 
iacrcc:opened with /usr/share/texlive/texmf-dist/tex/latex/base/ifthen.sty

(/usr/share/texlive/texmf-dist/tex/latex/base/ifthen.sty
Package: ifthen 2024/03/16 v1.1e Standard LaTeX ifthen package (DPC)
)
iacrcc:closed with /usr/share/texlive/texmf-dist/tex/latex/base/ifthen.sty
iacrcc:opened with /usr/share/texlive/texmf-dist/tex/latex/algorithmicx/algorit
hmicx.sty

(/usr/share/texlive/texmf-dist/tex/latex/algorithmicx/algorithmicx.sty
Package: algorithmicx 2005/04/27 v1.2 Algorithmicx

Document Style algorithmicx 1.2 - a greatly improved `algorithmic' style
\c@ALG@line=\count359
\c@ALG@rem=\count360
\c@ALG@nested=\count361
\ALG@tlm=\skip77
\ALG@thistlm=\skip78
\c@ALG@Lnr=\count362
\c@ALG@blocknr=\count363
\c@ALG@storecount=\count364
\c@ALG@tmpcounter=\count365
\ALG@tmplength=\skip79
)
iacrcc:closed with /usr/share/texlive/texmf-dist/tex/latex/algorithmicx/algorit
hmicx.sty

Document Style - pseudocode environments for use with the `algorithmicx' style
)
iacrcc:closed with /usr/share/texlive/texmf-dist/tex/latex/algorithmicx/algpseu
docode.sty
iacrcc:opened with /usr/share/texlive/texmf-dist/tex/latex/enumitem/enumitem.st
y
 (/usr/share/texlive/texmf-dist/tex/latex/enumitem/enumitem.sty
Package: enumitem 2025/02/06 v3.11 Customized lists
\labelindent=\skip80
\enit@outerparindent=\dimen289
\enit@toks=\toks55
\enit@inbox=\box73
\enit@count@id=\count366
\enitdp@description=\count367
)
iacrcc:closed with /usr/share/texlive/texmf-dist/tex/latex/enumitem/enumitem.st
y
iacrcc:opened with /usr/share/texlive/texmf-dist/tex/latex/caption/caption.sty

(/usr/share/texlive/texmf-dist/tex/latex/caption/caption.sty
Package: caption 2023/08/05 v3.6o Customizing captions (AR)
iacrcc:opened with /usr/share/texlive/texmf-dist/tex/latex/caption/caption3.sty


(/usr/share/texlive/texmf-dist/tex/latex/caption/caption3.sty
Package: caption3 2023/07/31 v2.4d caption3 kernel (AR)
\caption@tempdima=\dimen290
\captionmargin=\dimen291
\caption@leftmargin=\dimen292
\caption@rightmargin=\dimen293
\caption@width=\dimen294
\caption@indent=\dimen295
\caption@parindent=\dimen296
\caption@hangindent=\dimen297
Package caption Info: Standard document class detected.
)
iacrcc:closed with /usr/share/texlive/texmf-dist/tex/latex/caption/caption3.sty

\c@caption@flags=\count368
\c@continuedfloat=\count369
Package caption Info: float package is loaded.
)
iacrcc:closed with /usr/share/texlive/texmf-dist/tex/latex/caption/caption.sty
iacrcc:opened with /usr/share/texlive/texmf-dist/tex/latex/booktabs/booktabs.st
y

(/usr/share/texlive/texmf-dist/tex/latex/booktabs/booktabs.sty
Package: booktabs 2020/01/12 v1.61803398 Publication quality tables
\heavyrulewidth=\dimen298
\lightrulewidth=\dimen299
\cmidrulewidth=\dimen300
\belowrulesep=\dimen301
\belowbottomsep=\dimen302
\aboverulesep=\dimen303
\abovetopsep=\dimen304
\cmidrulesep=\dimen305
\cmidrulekern=\dimen306
\defaultaddspace=\dimen307
\@cmidla=\count370
\@cmidlb=\count371
\@aboverulesep=\dimen308
\@belowrulesep=\dimen309
\@thisruleclass=\count372
\@lastruleclass=\count373
\@thisrulewidth=\dimen310
)
iacrcc:closed with /usr/share/texlive/texmf-dist/tex/latex/booktabs/booktabs.st
y
iacrcc:opened with /usr/share/texlive/texmf-dist/tex/latex/caption/subcaption.s
ty

(/usr/share/texlive/texmf-dist/tex/latex/caption/subcaption.sty
Package: subcaption 2023/07/28 v1.6b Sub-captions (AR)
Package caption Info: New subtype `subfigure' on input line 238.
\c@subfigure=\count374
Package caption Info: New subtype `subtable' on input line 238.
\c@subtable=\count375
)
iacrcc:closed with /usr/share/texlive/texmf-dist/tex/latex/caption/subcaption.s
ty

(/usr/share/texlive/texmf-dist/tex/generic/pgf/frontendlayer/tikz/libraries/tik
zlibrarytrees.code.tex
File: tikzlibrarytrees.code.tex 2025-08-29 v3.1.11a (3.1.11a)
)
(/usr/share/texlive/texmf-dist/tex/generic/pgf/frontendlayer/tikz/libraries/tik
zlibrarypositioning.code.tex
File: tikzlibrarypositioning.code.tex 2025-08-29 v3.1.11a (3.1.11a)
)
(/usr/share/texlive/texmf-dist/tex/generic/pgf/libraries/pgflibraryarrows.meta.
code.tex
File: pgflibraryarrows.meta.code.tex 2025-08-29 v3.1.11a (3.1.11a)
\pgfarrowinset=\dimen311
\pgfarrowlength=\dimen312
\pgfarrowwidth=\dimen313
\pgfarrowlinewidth=\dimen314
)
(/usr/share/texlive/texmf-dist/tex/generic/pgf/frontendlayer/tikz/libraries/tik
zlibrarycalc.code.tex
File: tikzlibrarycalc.code.tex 2025-08-29 v3.1.11a (3.1.11a)
)
(/usr/share/texlive/texmf-dist/tex/generic/pgf/frontendlayer/tikz/libraries/tik
zlibraryshadows.code.tex
File: tikzlibraryshadows.code.tex 2025-08-29 v3.1.11a (3.1.11a)

(/usr/share/texlive/texmf-dist/tex/generic/pgf/frontendlayer/tikz/libraries/tik
zlibraryfadings.code.tex
File: tikzlibraryfadings.code.tex 2025-08-29 v3.1.11a (3.1.11a)

(/usr/share/texlive/texmf-dist/tex/generic/pgf/libraries/pgflibraryfadings.code
.tex
File: pgflibraryfadings.code.tex 2025-08-29 v3.1.11a (3.1.11a)
)))
iacrcc:opened with /usr/share/texlive/texmf-dist/tex/latex/algorithms/algorithm
.sty
 (/usr/share/texlive/texmf-dist/tex/latex/algorithms/algorithm.sty
Package: algorithm 2009/08/24 v0.1 Document Style `algorithm' - floating enviro
nment
\@float@every@algorithm=\toks56
\c@algorithm=\count376
)
iacrcc:closed with /usr/share/texlive/texmf-dist/tex/latex/algorithms/algorithm
.sty
iacrcc:opened with /usr/share/texlive/texmf-dist/tex/latex/doclicense/doclicens
e.sty

(/usr/share/texlive/texmf-dist/tex/latex/doclicense/doclicense.sty
Package: doclicense 2023/10/01 v3.3.0 Support for putting documents under a lic
ense
iacrcc:opened with /usr/share/texlive/texmf-dist/tex/latex/xifthen/xifthen.sty

(/usr/share/texlive/texmf-dist/tex/latex/xifthen/xifthen.sty
Package: xifthen 2015/11/05 v1.4.0 Extended ifthen features
iacrcc:opened with /usr/share/texlive/texmf-dist/tex/latex/ifmtarg/ifmtarg.sty

(/usr/share/texlive/texmf-dist/tex/latex/ifmtarg/ifmtarg.sty
Package: ifmtarg 2018/04/16 v1.2b check for an empty argument
)
iacrcc:closed with /usr/share/texlive/texmf-dist/tex/latex/ifmtarg/ifmtarg.sty
)
iacrcc:closed with /usr/share/texlive/texmf-dist/tex/latex/xifthen/xifthen.sty
iacrcc:opened with /usr/share/texlive/texmf-dist/tex/latex/tools/xspace.sty

(/usr/share/texlive/texmf-dist/tex/latex/tools/xspace.sty
Package: xspace 2014/10/28 v1.13 Space after command names (DPC,MH)
)
iacrcc:closed with /usr/share/texlive/texmf-dist/tex/latex/tools/xspace.sty
iacrcc:opened with /usr/share/texlive/texmf-dist/tex/latex/tools/verbatim.sty

(/usr/share/texlive/texmf-dist/tex/latex/tools/verbatim.sty
Package: verbatim 2024-01-22 v1.5x LaTeX2e package for verbatim enhancements
\every@verbatim=\toks57
\verbatim@line=\toks58
\verbatim@in@stream=\read4
)
iacrcc:closed with /usr/share/texlive/texmf-dist/tex/latex/tools/verbatim.sty
\doclicense@hsize=\skip81
iacrcc:opened with /usr/share/texlive/texmf-dist/tex/latex/doclicense/doclicens
e-english.ldf

(/usr/share/texlive/texmf-dist/tex/latex/doclicense/doclicense-english.ldf
File: doclicense-english.ldf 
)
iacrcc:closed with /usr/share/texlive/texmf-dist/tex/latex/doclicense/doclicens
e-english.ldf
)
iacrcc:closed with /usr/share/texlive/texmf-dist/tex/latex/doclicense/doclicens
e.sty
iacrcc:opened with /usr/share/texlive/texmf-dist/tex/latex/base/fontenc.sty

(/usr/share/texlive/texmf-dist/tex/latex/base/fontenc.sty
Package: fontenc 2025/07/18 v2.1d Standard LaTeX package
LaTeX Font Info:    Trying to load font information for T1+lmr on input line 11
6.
iacrcc:opened with /usr/share/texmf/tex/latex/lm/t1lmr.fd

(/usr/share/texmf/tex/latex/lm/t1lmr.fd
File: t1lmr.fd 2015/05/01 v1.6.1 Font defs for Latin Modern
)
iacrcc:closed with /usr/share/texmf/tex/latex/lm/t1lmr.fd
)
iacrcc:closed with /usr/share/texlive/texmf-dist/tex/latex/base/fontenc.sty
iacrcc:opened with /usr/share/texlive/texmf-dist/tex/latex/hyperref/hyperref.st
y

(/usr/share/texlive/texmf-dist/tex/latex/hyperref/hyperref.sty
Package: hyperref 2025-07-12 v7.01o Hypertext links for LaTeX
iacrcc:opened with /usr/share/texlive/texmf-dist/tex/generic/kvdefinekeys/kvdef
inekeys.sty

(/usr/share/texlive/texmf-dist/tex/generic/kvdefinekeys/kvdefinekeys.sty
Package: kvdefinekeys 2019-12-19 v1.6 Define keys (HO)
)
iacrcc:closed with /usr/share/texlive/texmf-dist/tex/generic/kvdefinekeys/kvdef
inekeys.sty
iacrcc:opened with /usr/share/texlive/texmf-dist/tex/generic/pdfescape/pdfescap
e.sty

(/usr/share/texlive/texmf-dist/tex/generic/pdfescape/pdfescape.sty
Package: pdfescape 2019/12/09 v1.15 Implements pdfTeX's escape features (HO)
iacrcc:opened with /usr/share/texlive/texmf-dist/tex/generic/pdftexcmds/pdftexc
mds.sty

(/usr/share/texlive/texmf-dist/tex/generic/pdftexcmds/pdftexcmds.sty
Package: pdftexcmds 2020-06-27 v0.33 Utility functions of pdfTeX for LuaTeX (HO
)
Package pdftexcmds Info: \pdf@primitive is available.
Package pdftexcmds Info: \pdf@ifprimitive is available.
Package pdftexcmds Info: \pdfdraftmode found.
)
iacrcc:closed with /usr/share/texlive/texmf-dist/tex/generic/pdftexcmds/pdftexc
mds.sty
)
iacrcc:closed with /usr/share/texlive/texmf-dist/tex/generic/pdfescape/pdfescap
e.sty
iacrcc:opened with /usr/share/texlive/texmf-dist/tex/latex/hycolor/hycolor.sty

(/usr/share/texlive/texmf-dist/tex/latex/hycolor/hycolor.sty
Package: hycolor 2020-01-27 v1.10 Color options for hyperref/bookmark (HO)
)
iacrcc:closed with /usr/share/texlive/texmf-dist/tex/latex/hycolor/hycolor.sty
iacrcc:opened with /usr/share/texlive/texmf-dist/tex/latex/hyperref/nameref.sty


(/usr/share/texlive/texmf-dist/tex/latex/hyperref/nameref.sty
Package: nameref 2025-06-21 v2.57 Cross-referencing by name of section
iacrcc:opened with /usr/share/texlive/texmf-dist/tex/latex/refcount/refcount.st
y

(/usr/share/texlive/texmf-dist/tex/latex/refcount/refcount.sty
Package: refcount 2019/12/15 v3.6 Data extraction from label references (HO)
)
iacrcc:closed with /usr/share/texlive/texmf-dist/tex/latex/refcount/refcount.st
y
iacrcc:opened with /usr/share/texlive/texmf-dist/tex/generic/gettitlestring/get
titlestring.sty

(/usr/share/texlive/texmf-dist/tex/generic/gettitlestring/gettitlestring.sty
Package: gettitlestring 2019/12/15 v1.6 Cleanup title references (HO)
)
iacrcc:closed with /usr/share/texlive/texmf-dist/tex/generic/gettitlestring/get
titlestring.sty
\c@section@level=\count377
)
iacrcc:closed with /usr/share/texlive/texmf-dist/tex/latex/hyperref/nameref.sty

iacrcc:opened with /usr/share/texlive/texmf-dist/tex/generic/stringenc/stringen
c.sty

(/usr/share/texlive/texmf-dist/tex/generic/stringenc/stringenc.sty
Package: stringenc 2019/11/29 v1.12 Convert strings between diff. encodings (HO
)
)
iacrcc:closed with /usr/share/texlive/texmf-dist/tex/generic/stringenc/stringen
c.sty
\@linkdim=\dimen315
\Hy@linkcounter=\count378
\Hy@pagecounter=\count379
iacrcc:opened with /usr/share/texlive/texmf-dist/tex/latex/hyperref/pd1enc.def

(/usr/share/texlive/texmf-dist/tex/latex/hyperref/pd1enc.def
File: pd1enc.def 2025-07-12 v7.01o Hyperref: PDFDocEncoding definition (HO)
Now handling font encoding PD1 ...
... no UTF-8 mapping file for font encoding PD1
)
iacrcc:closed with /usr/share/texlive/texmf-dist/tex/latex/hyperref/pd1enc.def
\Hy@SavedSpaceFactor=\count380
iacrcc:opened with /usr/share/texlive/texmf-dist/tex/latex/hyperref/puenc.def

(/usr/share/texlive/texmf-dist/tex/latex/hyperref/puenc.def
File: puenc.def 2025-07-12 v7.01o Hyperref: PDF Unicode definition (HO)
Now handling font encoding PU ...
... no UTF-8 mapping file for font encoding PU
)
iacrcc:closed with /usr/share/texlive/texmf-dist/tex/latex/hyperref/puenc.def
Package hyperref Info: Option `bookmarksopen' set `true' on input line 4066.
Package hyperref Info: Hyper figures OFF on input line 4195.
Package hyperref Info: Link nesting OFF on input line 4200.
Package hyperref Info: Hyper index ON on input line 4203.
Package hyperref Info: Plain pages OFF on input line 4210.
Package hyperref Info: Backreferencing OFF on input line 4215.
Package hyperref Info: Implicit mode ON; LaTeX internals redefined.
Package hyperref Info: Bookmarks ON on input line 4462.
\c@Hy@tempcnt=\count381
LaTeX Info: Redefining \url on input line 4801.
\XeTeXLinkMargin=\dimen316
iacrcc:opened with /usr/share/texlive/texmf-dist/tex/generic/bitset/bitset.sty

(/usr/share/texlive/texmf-dist/tex/generic/bitset/bitset.sty
Package: bitset 2019/12/09 v1.3 Handle bit-vector datatype (HO)
iacrcc:opened with /usr/share/texlive/texmf-dist/tex/generic/bigintcalc/bigintc
alc.sty

(/usr/share/texlive/texmf-dist/tex/generic/bigintcalc/bigintcalc.sty
Package: bigintcalc 2019/12/15 v1.5 Expandable calculations on big integers (HO
)
)
iacrcc:closed with /usr/share/texlive/texmf-dist/tex/generic/bigintcalc/bigintc
alc.sty
)
iacrcc:closed with /usr/share/texlive/texmf-dist/tex/generic/bitset/bitset.sty
\Fld@menulength=\count382
\Field@Width=\dimen317
\Fld@charsize=\dimen318
Package hyperref Info: Hyper figures OFF on input line 6078.
Package hyperref Info: Link nesting OFF on input line 6083.
Package hyperref Info: Hyper index ON on input line 6086.
Package hyperref Info: backreferencing OFF on input line 6093.
Package hyperref Info: Link coloring OFF on input line 6098.
Package hyperref Info: Link coloring with OCG OFF on input line 6103.
Package hyperref Info: PDF/A mode OFF on input line 6108.
\Hy@abspage=\count383
\c@Item=\count384
\c@Hfootnote=\count385
)
iacrcc:closed with /usr/share/texlive/texmf-dist/tex/latex/hyperref/hyperref.st
y
Package hyperref Info: Driver (autodetected): hpdftex.
iacrcc:opened with /usr/share/texlive/texmf-dist/tex/latex/hyperref/hpdftex.def


(/usr/share/texlive/texmf-dist/tex/latex/hyperref/hpdftex.def
File: hpdftex.def 2025-07-12 v7.01o Hyperref driver for pdfTeX
\Fld@listcount=\count386
\c@bookmark@seq@number=\count387
iacrcc:opened with /usr/share/texlive/texmf-dist/tex/latex/rerunfilecheck/rerun
filecheck.sty

(/usr/share/texlive/texmf-dist/tex/latex/rerunfilecheck/rerunfilecheck.sty
Package: rerunfilecheck 2025-06-21 v1.11 Rerun checks for auxiliary files (HO)
iacrcc:opened with /usr/share/texlive/texmf-dist/tex/generic/uniquecounter/uniq
uecounter.sty

(/usr/share/texlive/texmf-dist/tex/generic/uniquecounter/uniquecounter.sty
Package: uniquecounter 2019/12/15 v1.4 Provide unlimited unique counter (HO)
)
iacrcc:closed with /usr/share/texlive/texmf-dist/tex/generic/uniquecounter/uniq
uecounter.sty
Package uniquecounter Info: New unique counter `rerunfilecheck' on input line 2
84.
)
iacrcc:closed with /usr/share/texlive/texmf-dist/tex/latex/rerunfilecheck/rerun
filecheck.sty
\Hy@SectionHShift=\skip82
)
iacrcc:closed with /usr/share/texlive/texmf-dist/tex/latex/hyperref/hpdftex.def

Package hyperref Info: Option `colorlinks' set `true' on input line 132.
iacrcc:opened with /usr/share/texlive/texmf-dist/tex/latex/ccicons/ccicons.sty

(/usr/share/texlive/texmf-dist/tex/latex/ccicons/ccicons.sty
Package: ccicons 2017/10/30 v1.6 LaTeX support for Creative Commons icons
)
iacrcc:closed with /usr/share/texlive/texmf-dist/tex/latex/ccicons/ccicons.sty
iacrcc:opened with /usr/share/texlive/texmf-dist/tex/latex/csquotes/csquotes.st
y

(/usr/share/texlive/texmf-dist/tex/latex/csquotes/csquotes.sty
Package: csquotes 2024-04-04 v5.2o context-sensitive quotations (JAW)
\csq@reset=\count388
\csq@gtype=\count389
\csq@glevel=\count390
\csq@qlevel=\count391
\csq@maxlvl=\count392
\csq@tshold=\count393
\csq@ltx@everypar=\toks59
iacrcc:opened with /usr/share/texlive/texmf-dist/tex/latex/csquotes/csquotes.de
f

(/usr/share/texlive/texmf-dist/tex/latex/csquotes/csquotes.def
File: csquotes.def 2024-04-04 v5.2o csquotes generic definitions (JAW)
)
iacrcc:closed with /usr/share/texlive/texmf-dist/tex/latex/csquotes/csquotes.de
f
Package csquotes Info: Trying to load configuration file 'csquotes.cfg'...
Package csquotes Info: ... configuration file loaded successfully.
iacrcc:opened with /usr/share/texlive/texmf-dist/tex/latex/csquotes/csquotes.cf
g

(/usr/share/texlive/texmf-dist/tex/latex/csquotes/csquotes.cfg
File: csquotes.cfg 
)
iacrcc:closed with /usr/share/texlive/texmf-dist/tex/latex/csquotes/csquotes.cf
g
)
iacrcc:closed with /usr/share/texlive/texmf-dist/tex/latex/csquotes/csquotes.st
y

(./template.aux)
\openout1 = `template.aux'.

LaTeX Font Info:    Checking defaults for OML/cmm/m/it on input line 132.
LaTeX Font Info:    ... okay on input line 132.
LaTeX Font Info:    Checking defaults for OMS/cmsy/m/n on input line 132.
LaTeX Font Info:    ... okay on input line 132.
LaTeX Font Info:    Checking defaults for OT1/cmr/m/n on input line 132.
LaTeX Font Info:    ... okay on input line 132.
LaTeX Font Info:    Checking defaults for T1/cmr/m/n on input line 132.
LaTeX Font Info:    ... okay on input line 132.
LaTeX Font Info:    Checking defaults for TS1/cmr/m/n on input line 132.
LaTeX Font Info:    ... okay on input line 132.
LaTeX Font Info:    Checking defaults for OMX/cmex/m/n on input line 132.
LaTeX Font Info:    ... okay on input line 132.
LaTeX Font Info:    Checking defaults for U/cmr/m/n on input line 132.
LaTeX Font Info:    ... okay on input line 132.
LaTeX Font Info:    Checking defaults for PD1/pdf/m/n on input line 132.
LaTeX Font Info:    ... okay on input line 132.
LaTeX Font Info:    Checking defaults for PU/pdf/m/n on input line 132.
LaTeX Font Info:    ... okay on input line 132.

*geometry* driver: auto-detecting
*geometry* detected driver: pdftex
*geometry* verbose mode - [ preamble ] result:
* driver: pdftex
* paper: a4paper
* layout: <same size as paper>
* layoutoffset:(h,v)=(0.0pt,0.0pt)
* hratio: 1:1
* vratio: 1:1
* modes: twoside 
* h-part:(L,W,R)=(104.5657pt, 388.37646pt, 104.5657pt)
* v-part:(T,H,B)=(105.63086pt, 633.78513pt, 105.63086pt)
* \paperwidth=597.50787pt
* \paperheight=845.04684pt
* \textwidth=388.37646pt
* \textheight=633.78513pt
* \oddsidemargin=32.29572pt
* \evensidemargin=32.29572pt
* \topmargin=-3.63913pt
* \headheight=12.0pt
* \headsep=25.0pt
* \topskip=10.0pt
* \footskip=30.0pt
* \marginparwidth=76.82234pt
* \marginparsep=11.0pt
* \columnsep=10.0pt
* \skip\footins=9.0pt plus 4.0pt minus 2.0pt
* \hoffset=0.0pt
* \voffset=0.0pt
* \mag=1000
* \@twocolumnfalse
* \@twosidetrue
* \@mparswitchtrue
* \@reversemarginfalse
* (1in=72.27pt=25.4mm, 1cm=28.453pt)

iacrcc:opened with /usr/share/texlive/texmf-dist/tex/context/base/mkii/supp-pdf
.mkii
(/usr/share/texlive/texmf-dist/tex/context/base/mkii/supp-pdf.mkii
[Loading MPS to PDF converter (version 2006.09.02).]
\scratchcounter=\count394
\scratchdimen=\dimen319
\scratchbox=\box74
\nofMPsegments=\count395
\nofMParguments=\count396
\everyMPshowfont=\toks60
\MPscratchCnt=\count397
\MPscratchDim=\dimen320
\MPnumerator=\count398
\makeMPintoPDFobject=\count399
\everyMPtoPDFconversion=\toks61
)
iacrcc:closed with /usr/share/texlive/texmf-dist/tex/context/base/mkii/supp-pdf
.mkii
iacrcc:opened with /usr/share/texlive/texmf-dist/tex/latex/epstopdf-pkg/epstopd
f-base.sty
 (/usr/share/texlive/texmf-dist/tex/latex/epstopdf-pkg/epstopdf-base.sty
Package: epstopdf-base 2020-01-24 v2.11 Base part for package epstopdf
Package epstopdf-base Info: Redefining graphics rule for `.eps' on input line 4
85.
iacrcc:opened with /usr/share/texlive/texmf-dist/tex/latex/latexconfig/epstopdf
-sys.cfg

(/usr/share/texlive/texmf-dist/tex/latex/latexconfig/epstopdf-sys.cfg
File: epstopdf-sys.cfg 2010/07/13 v1.3 Configuration of (r)epstopdf for TeX Liv
e
)
iacrcc:closed with /usr/share/texlive/texmf-dist/tex/latex/latexconfig/epstopdf
-sys.cfg
)
iacrcc:closed with /usr/share/texlive/texmf-dist/tex/latex/epstopdf-pkg/epstopd
f-base.sty
LaTeX Info: Redefining \microtypecontext on input line 132.
Package microtype Info: Applying patch `item' on input line 132.
Package microtype Info: Applying patch `toc' on input line 132.
Package microtype Info: Applying patch `eqnum' on input line 132.
Package microtype Info: Applying patch `footnote' on input line 132.
Package microtype Info: Applying patch `verbatim' on input line 132.
LaTeX Info: Redefining \microtypesetup on input line 132.
Package microtype Info: Generating PDF output.
Package microtype Info: Character protrusion enabled (level 2).
Package microtype Info: Using default protrusion set `alltext'.
Package microtype Info: Automatic font expansion enabled (level 2),
(microtype)             stretch: 20, shrink: 20, step: 1, non-selected.
Package microtype Info: Using default expansion set `alltext-nott'.
Package microtype Info: Patching command `\showhyphens'.
Package microtype Info: No adjustment of tracking.
Package microtype Info: No adjustment of interword spacing.
Package microtype Info: No adjustment of character kerning.
iacrcc:opened with /usr/share/texlive/texmf-dist/tex/latex/microtype/mt-cmr.cfg


(/usr/share/texlive/texmf-dist/tex/latex/microtype/mt-cmr.cfg
File: mt-cmr.cfg 2013/05/19 v2.2 microtype config. file: Computer Modern Roman 
(RS)
)
iacrcc:closed with /usr/share/texlive/texmf-dist/tex/latex/microtype/mt-cmr.cfg

Package caption Info: Begin \AtBeginDocument code.
Package caption Info: hyperref package is loaded.
Package caption Info: End \AtBeginDocument code.
Package hyperref Info: Link coloring ON on input line 132.
iacrcc:opened with ./template.out
 (./template.out)
iacrcc:closed with ./template.out
iacrcc:opened with ./template.out
(./template.out)
iacrcc:closed with ./template.out
\@outlinefile=\write6
\openout6 = `template.out'.

LaTeX Font Info:    Trying to load font information for OT1+lmr on input line 1
34.
iacrcc:opened with /usr/share/texmf/tex/latex/lm/ot1lmr.fd
 (/usr/share/texmf/tex/latex/lm/ot1lmr.fd
File: ot1lmr.fd 2015/05/01 v1.6.1 Font defs for Latin Modern
)
iacrcc:closed with /usr/share/texmf/tex/latex/lm/ot1lmr.fd
LaTeX Font Info:    Trying to load font information for OML+lmm on input line 1
34.
iacrcc:opened with /usr/share/texmf/tex/latex/lm/omllmm.fd

(/usr/share/texmf/tex/latex/lm/omllmm.fd
File: omllmm.fd 2015/05/01 v1.6.1 Font defs for Latin Modern
)
iacrcc:closed with /usr/share/texmf/tex/latex/lm/omllmm.fd
LaTeX Font Info:    Trying to load font information for OMS+lmsy on input line 
134.
iacrcc:opened with /usr/share/texmf/tex/latex/lm/omslmsy.fd

(/usr/share/texmf/tex/latex/lm/omslmsy.fd
File: omslmsy.fd 2015/05/01 v1.6.1 Font defs for Latin Modern
)
iacrcc:closed with /usr/share/texmf/tex/latex/lm/omslmsy.fd
LaTeX Font Info:    Trying to load font information for OMX+lmex on input line 
134.
iacrcc:opened with /usr/share/texmf/tex/latex/lm/omxlmex.fd

(/usr/share/texmf/tex/latex/lm/omxlmex.fd
File: omxlmex.fd 2015/05/01 v1.6.1 Font defs for Latin Modern
)
iacrcc:closed with /usr/share/texmf/tex/latex/lm/omxlmex.fd
LaTeX Font Info:    External font `lmex10' loaded for size
(Font)              <8> on input line 134.
LaTeX Font Info:    External font `lmex10' loaded for size
(Font)              <6> on input line 134.
LaTeX Font Info:    External font `lmex10' loaded for size
(Font)              <5> on input line 134.
LaTeX Font Info:    Trying to load font information for U+msa on input line 134
.
iacrcc:opened with /usr/share/texlive/texmf-dist/tex/latex/amsfonts/umsa.fd

(/usr/share/texlive/texmf-dist/tex/latex/amsfonts/umsa.fd
File: umsa.fd 2013/01/14 v3.01 AMS symbols A
)
iacrcc:closed with /usr/share/texlive/texmf-dist/tex/latex/amsfonts/umsa.fd
iacrcc:opened with /usr/share/texlive/texmf-dist/tex/latex/microtype/mt-msa.cfg


(/usr/share/texlive/texmf-dist/tex/latex/microtype/mt-msa.cfg
File: mt-msa.cfg 2006/02/04 v1.1 microtype config. file: AMS symbols (a) (RS)
)
iacrcc:closed with /usr/share/texlive/texmf-dist/tex/latex/microtype/mt-msa.cfg

LaTeX Font Info:    Trying to load font information for U+msb on input line 134
.
iacrcc:opened with /usr/share/texlive/texmf-dist/tex/latex/amsfonts/umsb.fd

(/usr/share/texlive/texmf-dist/tex/latex/amsfonts/umsb.fd
File: umsb.fd 2013/01/14 v3.01 AMS symbols B
)
iacrcc:closed with /usr/share/texlive/texmf-dist/tex/latex/amsfonts/umsb.fd
iacrcc:opened with /usr/share/texlive/texmf-dist/tex/latex/microtype/mt-msb.cfg


(/usr/share/texlive/texmf-dist/tex/latex/microtype/mt-msb.cfg
File: mt-msb.cfg 2005/06/01 v1.0 microtype config. file: AMS symbols (b) (RS)
)
iacrcc:closed with /usr/share/texlive/texmf-dist/tex/latex/microtype/mt-msb.cfg



Package hyperref Warning: Ignoring empty anchor on input line 134.

LaTeX Font Info:    Trying to load font information for T1+lmtt on input line 1
34.
iacrcc:opened with /usr/share/texmf/tex/latex/lm/t1lmtt.fd
(/usr/share/texmf/tex/latex/lm/t1lmtt.fd
File: t1lmtt.fd 2015/05/01 v1.6.1 Font defs for Latin Modern
)
iacrcc:closed with /usr/share/texmf/tex/latex/lm/t1lmtt.fd
Package microtype Info: Loading generic protrusion settings for font family
(microtype)             `lmtt' (encoding: T1).
(microtype)             For optimal results, create family-specific settings.
(microtype)             See the microtype manual for details.
LaTeX Font Info:    Trying to load font information for T1+lmss on input line 1
34.
iacrcc:opened with /usr/share/texmf/tex/latex/lm/t1lmss.fd

(/usr/share/texmf/tex/latex/lm/t1lmss.fd
File: t1lmss.fd 2015/05/01 v1.6.1 Font defs for Latin Modern
)
iacrcc:closed with /usr/share/texmf/tex/latex/lm/t1lmss.fd
Package microtype Info: Loading generic protrusion settings for font family
(microtype)             `lmss' (encoding: T1).
(microtype)             For optimal results, create family-specific settings.
(microtype)             See the microtype manual for details.
LaTeX Font Info:    External font `lmex10' loaded for size
(Font)              <10> on input line 134.
LaTeX Font Info:    External font `lmex10' loaded for size
(Font)              <7> on input line 134.
\c@IACR@cnt=\count400
LaTeX Font Info:    Trying to load font information for TS1+lmr on input line 1
44.
iacrcc:opened with /usr/share/texmf/tex/latex/lm/ts1lmr.fd

(/usr/share/texmf/tex/latex/lm/ts1lmr.fd
File: ts1lmr.fd 2015/05/01 v1.6.1 Font defs for Latin Modern
)
iacrcc:closed with /usr/share/texmf/tex/latex/lm/ts1lmr.fd
\openout5 = `template.abstract'.

<doclicense-CC-by-88x31.pdf, id=184, 90.3375pt x 31.61812pt>
File: doclicense-CC-by-88x31.pdf Graphic file (type pdf)
<use doclicense-CC-by-88x31.pdf>
Package pdftex.def Info: doclicense-CC-by-88x31.pdf  used on input line 159.
(pdftex.def)             Requested size: 36.99963pt x 12.95pt.
 [1

{/var/lib/texmf/fonts/map/pdftex/updmap/pdftex.map}{/usr/share/texmf/fonts/enc/
dvips/lm/lm-ec.enc}{/usr/share/texmf/fonts/enc/dvips/lm/lm-ts1.enc}{/usr/share/
texmf/fonts/enc/dvips/lm/lm-rm.enc}{/usr/share/texmf/fonts/enc/dvips/lm/lm-math
it.enc} </usr/share/texlive/texmf-dist/tex/latex/doclicense/images/doclicense-C
C-by-88x31.pdf>] [2{/usr/share/texmf/fonts/enc/dvips/lm/lm-mathsy.enc}]
LaTeX Font Info:    External font `lmex10' loaded for size
(Font)              <9> on input line 236.

Overfull \hbox (23.62283pt too wide) in paragraph at lines 274--275
 [][] 
 []


LaTeX Warning: `h' float specifier changed to `ht'.


Package fancyhdr Warning: \headheight is too small (12.0pt): 
(fancyhdr)                Make it at least 12.38004pt, for example:
(fancyhdr)                \setlength{\headheight}{12.38004pt}.
(fancyhdr)                You might also make \topmargin smaller:
(fancyhdr)                \addtolength{\topmargin}{-0.38004pt}.

[3] [4]
LaTeX Font Info:    External font `lmex10' loaded for size
(Font)              <12> on input line 361.


Package fancyhdr Warning: \headheight is too small (12.0pt): 
(fancyhdr)                Make it at least 12.38004pt, for example:
(fancyhdr)                \setlength{\headheight}{12.38004pt}.
(fancyhdr)                You might also make \topmargin smaller:
(fancyhdr)                \addtolength{\topmargin}{-0.38004pt}.

[5]

LaTeX Warning: `h' float specifier changed to `ht'.

[6{/usr/share/texmf/fonts/enc/dvips/lm/lm-mathex.enc}]

Package fancyhdr Warning: \headheight is too small (12.0pt): 
(fancyhdr)                Make it at least 12.38004pt, for example:
(fancyhdr)                \setlength{\headheight}{12.38004pt}.
(fancyhdr)                You might also make \topmargin smaller:
(fancyhdr)                \addtolength{\topmargin}{-0.38004pt}.

[7] [8]

Package fancyhdr Warning: \headheight is too small (12.0pt): 
(fancyhdr)                Make it at least 12.38004pt, for example:
(fancyhdr)                \setlength{\headheight}{12.38004pt}.
(fancyhdr)                You might also make \topmargin smaller:
(fancyhdr)                \addtolength{\topmargin}{-0.38004pt}.

[9]
Overfull \hbox (15.77255pt too wide) in paragraph at lines 710--733
 [][] 
 []


Underfull \vbox (badness 10000) has occurred while \output is active []

 [10]

Package fancyhdr Warning: \headheight is too small (12.0pt): 
(fancyhdr)                Make it at least 12.38004pt, for example:
(fancyhdr)                \setlength{\headheight}{12.38004pt}.
(fancyhdr)                You might also make \topmargin smaller:
(fancyhdr)                \addtolength{\topmargin}{-0.38004pt}.

[11]
LaTeX Font Info:    External font `lmex10' loaded for size
(Font)              <14.4> on input line 802.

Overfull \hbox (56.00777pt too wide) in paragraph at lines 852--853
 [][] 
 []

[12]
Package hyperref Info: bookmark level for unknown algorithm defaults to 0 on in
put line 872.

Overfull \hbox (11.81697pt too wide) in paragraph at lines 987--997
[][] 
 []


Package fancyhdr Warning: \headheight is too small (12.0pt): 
(fancyhdr)                Make it at least 12.38004pt, for example:
(fancyhdr)                \setlength{\headheight}{12.38004pt}.
(fancyhdr)                You might also make \topmargin smaller:
(fancyhdr)                \addtolength{\topmargin}{-0.38004pt}.

[13] [14]
<fig/MTsignature.png, id=356, 266.79675pt x 383.63326pt>
File: fig/MTsignature.png Graphic file (type png)
<use fig/MTsignature.png>
Package pdftex.def Info: fig/MTsignature.png  used on input line 1012.
(pdftex.def)             Requested size: 194.18823pt x 279.24213pt.
<fig/multi-tree.png, id=358, 481.8pt x 703.62875pt>
File: fig/multi-tree.png Graphic file (type png)
<use fig/multi-tree.png>
Package pdftex.def Info: fig/multi-tree.png  used on input line 1019.
(pdftex.def)             Requested size: 194.18823pt x 283.59381pt.


Package fancyhdr Warning: \headheight is too small (12.0pt): 
(fancyhdr)                Make it at least 12.38004pt, for example:
(fancyhdr)                \setlength{\headheight}{12.38004pt}.
(fancyhdr)                You might also make \topmargin smaller:
(fancyhdr)                \addtolength{\topmargin}{-0.38004pt}.

[15] [16 <./fig/MTsignature.png> <./fig/multi-tree.png>]

Package fancyhdr Warning: \headheight is too small (12.0pt): 
(fancyhdr)                Make it at least 12.38004pt, for example:
(fancyhdr)                \setlength{\headheight}{12.38004pt}.
(fancyhdr)                You might also make \topmargin smaller:
(fancyhdr)                \addtolength{\topmargin}{-0.38004pt}.

[17]
<fig/sphıncs.png, id=383, 769.87625pt x 854.19125pt>
File: fig/sphıncs.png Graphic file (type png)
<use fig/sphıncs.png>
Package pdftex.def Info: fig/sphıncs.png  used on input line 1130.
(pdftex.def)             Requested size: 427.21648pt x 474.0166pt.

Overfull \hbox (38.84001pt too wide) in paragraph at lines 1130--1131
 [][] 
 []


Overfull \hbox (19.76553pt too wide) in paragraph at lines 1233--1253
[][] 
 []

[18]

Package fancyhdr Warning: \headheight is too small (12.0pt): 
(fancyhdr)                Make it at least 12.38004pt, for example:
(fancyhdr)                \setlength{\headheight}{12.38004pt}.
(fancyhdr)                You might also make \topmargin smaller:
(fancyhdr)                \addtolength{\topmargin}{-0.38004pt}.

[19 <./fig/sphıncs.png>] [20]

Package fancyhdr Warning: \headheight is too small (12.0pt): 
(fancyhdr)                Make it at least 12.38004pt, for example:
(fancyhdr)                \setlength{\headheight}{12.38004pt}.
(fancyhdr)                You might also make \topmargin smaller:
(fancyhdr)                \addtolength{\topmargin}{-0.38004pt}.

[21]
Overfull \hbox (32.65pt too wide) in paragraph at lines 1287--1312
 [][] 
 []

[22]

Package fancyhdr Warning: \headheight is too small (12.0pt): 
(fancyhdr)                Make it at least 12.38004pt, for example:
(fancyhdr)                \setlength{\headheight}{12.38004pt}.
(fancyhdr)                You might also make \topmargin smaller:
(fancyhdr)                \addtolength{\topmargin}{-0.38004pt}.

[23]
<fig/inter_secr_guess.png, id=425, 696.6025pt x 581.17125pt>
File: fig/inter_secr_guess.png Graphic file (type png)
<use fig/inter_secr_guess.png>
Package pdftex.def Info: fig/inter_secr_guess.png  used on input line 1382.
(pdftex.def)             Requested size: 194.18823pt x 162.00853pt.
<fig/antonov.png, id=426, 1168.365pt x 642.4pt>
File: fig/antonov.png Graphic file (type png)
<use fig/antonov.png>
Package pdftex.def Info: fig/antonov.png  used on input line 1394.
(pdftex.def)             Requested size: 388.37646pt x 213.5414pt.
 [24 <./fig/inter_secr_guess.png>]

Package fancyhdr Warning: \headheight is too small (12.0pt): 
(fancyhdr)                Make it at least 12.38004pt, for example:
(fancyhdr)                \setlength{\headheight}{12.38004pt}.
(fancyhdr)                You might also make \topmargin smaller:
(fancyhdr)                \addtolength{\topmargin}{-0.38004pt}.

[25 <./fig/antonov.png>] [26]
Overfull \hbox (30.34671pt too wide) in paragraph at lines 1473--1486
 [][] 
 []


Package fancyhdr Warning: \headheight is too small (12.0pt): 
(fancyhdr)                Make it at least 12.38004pt, for example:
(fancyhdr)                \setlength{\headheight}{12.38004pt}.
(fancyhdr)                You might also make \topmargin smaller:
(fancyhdr)                \addtolength{\topmargin}{-0.38004pt}.

[27]
iacrcc:opened with ./template.bbl
 (./template.bbl [28])
iacrcc:closed with ./template.bbl


Package fancyhdr Warning: \headheight is too small (12.0pt): 
(fancyhdr)                Make it at least 12.38004pt, for example:
(fancyhdr)                \setlength{\headheight}{12.38004pt}.
(fancyhdr)                You might also make \topmargin smaller:
(fancyhdr)                \addtolength{\topmargin}{-0.38004pt}.

[29] (./template.aux)
 ***********
LaTeX2e <2025-11-01>
L3 programming layer <2020/03/25>
 ***********
Package rerunfilecheck Info: File `template.out' has not changed.
(rerunfilecheck)             Checksum: D6CB88651C1B80D38B2D5BCACB94B09D;6041.
 ) 
Here is how much of TeX's memory you used:
 32059 strings out of 467533
 588642 string characters out of 5422138
 1036526 words of memory out of 5000000
 59895 multiletter control sequences out of 15000+600000
 776940 words of font info for 290 fonts, out of 8000000 for 9000
 1141 hyphenation exceptions out of 8191
 125i,14n,122p,1691b,1318s stack positions out of 10000i,1000n,20000p,200000b,200000s
</usr/share/texmf/fonts/type1/public/lm/lmbx10.pfb></usr/share/texmf/fonts/ty
pe1/public/lm/lmbx12.pfb></usr/share/texmf/fonts/type1/public/lm/lmbx7.pfb></us
r/share/texmf/fonts/type1/public/lm/lmbx8.pfb></usr/share/texmf/fonts/type1/pub
lic/lm/lmbx9.pfb></usr/share/texmf/fonts/type1/public/lm/lmex10.pfb></usr/share
/texmf/fonts/type1/public/lm/lmmi10.pfb></usr/share/texmf/fonts/type1/public/lm
/lmmi12.pfb></usr/share/texmf/fonts/type1/public/lm/lmmi5.pfb></usr/share/texmf
/fonts/type1/public/lm/lmmi6.pfb></usr/share/texmf/fonts/type1/public/lm/lmmi7.
pfb></usr/share/texmf/fonts/type1/public/lm/lmmi8.pfb></usr/share/texmf/fonts/t
ype1/public/lm/lmmi9.pfb></usr/share/texmf/fonts/type1/public/lm/lmr10.pfb></us
r/share/texmf/fonts/type1/public/lm/lmr12.pfb></usr/share/texmf/fonts/type1/pub
lic/lm/lmr5.pfb></usr/share/texmf/fonts/type1/public/lm/lmr6.pfb></usr/share/te
xmf/fonts/type1/public/lm/lmr7.pfb></usr/share/texmf/fonts/type1/public/lm/lmr8
.pfb></usr/share/texmf/fonts/type1/public/lm/lmr9.pfb></usr/share/texmf/fonts/t
ype1/public/lm/lmri10.pfb></usr/share/texmf/fonts/type1/public/lm/lmri7.pfb></u
sr/share/texmf/fonts/type1/public/lm/lmri8.pfb></usr/share/texmf/fonts/type1/pu
blic/lm/lmri9.pfb></usr/share/texmf/fonts/type1/public/lm/lmssbx10.pfb></usr/sh
are/texmf/fonts/type1/public/lm/lmsy10.pfb></usr/share/texmf/fonts/type1/public
/lm/lmsy5.pfb></usr/share/texmf/fonts/type1/public/lm/lmsy6.pfb></usr/share/tex
mf/fonts/type1/public/lm/lmsy7.pfb></usr/share/texmf/fonts/type1/public/lm/lmsy
8.pfb></usr/share/texmf/fonts/type1/public/lm/lmtt10.pfb></usr/share/texmf/font
s/type1/public/lm/lmtt8.pfb>
Output written on template.pdf (29 pages, 839681 bytes).
PDF statistics:
 671 PDF objects out of 1000 (max. 8388607)
 533 compressed objects within 6 object streams
 130 named destinations out of 1000 (max. 500000)
 82355 words of extra memory for PDF output out of 89155 (max. 10000000)

