This is pdfTeX, Version 3.141592653-2.6-1.40.25 (TeX Live 2023/Debian) (preloaded format=pdflatex 2026.4.28)  5 MAY 2026 10:43
entering extended mode
 restricted \write18 enabled.
 file:line:error style messages enabled.
 %&-line parsing enabled.
**/home/halil/Desktop/GitHub/Articles/iacrcc_Hash/template.tex
(/home/halil/Desktop/GitHub/Articles/iacrcc_Hash/template.tex
LaTeX2e <2023-11-01> patch level 1
L3 programming layer <2024-01-22>
(./iacrcc.cls

 *** LaTeX class for IACR Communications in Cryptology v0.78 ***

Document Class: iacrcc 2025/12/29
(/usr/share/texlive/texmf-dist/tex/latex/currfile/currfile.sty
Package: currfile 2022/10/10 v0.8 Provides the file path elements of the current input file
 (/usr/share/texlive/texmf-dist/tex/latex/kvoptions/kvoptions.sty
Package: kvoptions 2022-06-15 v3.15 Key value format for package options (HO)
 (/usr/share/texlive/texmf-dist/tex/latex/graphics/keyval.sty
Package: keyval 2022/05/29 v1.15 key=value parser (DPC)
\KV@toks@=\toks17
) (/usr/share/texlive/texmf-dist/tex/generic/ltxcmds/ltxcmds.sty
Package: ltxcmds 2023-12-04 v1.26 LaTeX kernel commands for general use (HO)
) (/usr/share/texlive/texmf-dist/tex/latex/kvsetkeys/kvsetkeys.sty
Package: kvsetkeys 2022-10-05 v1.19 Key value parser (HO)
)) (/usr/share/texlive/texmf-dist/tex/latex/filehook/filehook.sty
Package: filehook 2022/10/25 v0.8b Hooks for input files
 (/usr/share/texlive/texmf-dist/tex/latex/filehook/filehook-2020.sty
Package: filehook-2020 2022/10/25 v0.8b Hooks for input files
)) (/usr/share/texlive/texmf-dist/tex/latex/currfile/currfile-abspath.sty
Package: currfile-abspath 2022/10/10 v0.8 Provides absolute file paths, the parent working directory and the main file name
)
\c@currfiledepth=\count187
)
iacrcc:opened with /usr/share/texlive/texmf-dist/tex/latex/l3kernel/expl3.sty
 (/usr/share/texlive/texmf-dist/tex/latex/l3kernel/expl3.sty
Package: expl3 2024-01-22 L3 programming layer (loader) 
iacrcc:opened with /usr/share/texlive/texmf-dist/tex/latex/l3backend/l3backend-pdftex.def
 (/usr/share/texlive/texmf-dist/tex/latex/l3backend/l3backend-pdftex.def
File: l3backend-pdftex.def 2024-01-04 L3 backend support: PDF output (pdfTeX)
\l__color_backend_stack_int=\count188
\l__pdf_internal_box=\box51
)
iacrcc:closed with /usr/share/texlive/texmf-dist/tex/latex/l3backend/l3backend-pdftex.def
)
iacrcc:closed with /usr/share/texlive/texmf-dist/tex/latex/l3kernel/expl3.sty
iacrcc:opened with /usr/share/texlive/texmf-dist/tex/latex/xkeyval/xkeyval.sty
 (/usr/share/texlive/texmf-dist/tex/latex/xkeyval/xkeyval.sty
Package: xkeyval 2022/06/16 v2.9 package option processing (HA)
 (/usr/share/texlive/texmf-dist/tex/generic/xkeyval/xkeyval.tex (/usr/share/texlive/texmf-dist/tex/generic/xkeyval/xkvutils.tex
\XKV@toks=\toks18
\XKV@tempa@toks=\toks19
)
\XKV@depth=\count189
File: xkeyval.tex 2014/12/03 v2.7a key=value parser (HA)
))
iacrcc:closed with /usr/share/texlive/texmf-dist/tex/latex/xkeyval/xkeyval.sty
iacrcc:opened with /usr/share/texlive/texmf-dist/tex/latex/etoolbox/etoolbox.sty
 (/usr/share/texlive/texmf-dist/tex/latex/etoolbox/etoolbox.sty
Package: etoolbox 2020/10/05 v2.5k e-TeX tools for LaTeX (JAW)
\etb@tempcnta=\count190
)
iacrcc:closed with /usr/share/texlive/texmf-dist/tex/latex/etoolbox/etoolbox.sty

Compiling version=submission
Setting to anonymous
iacrcc:opened with /usr/share/texlive/texmf-dist/tex/generic/xstring/xstring.sty
(/usr/share/texlive/texmf-dist/tex/generic/xstring/xstring.sty (/usr/share/texlive/texmf-dist/tex/generic/xstring/xstring.tex
\xs_counta=\count191
\xs_countb=\count192
)
Package: xstring 2023/08/22 v1.86 String manipulations (CT)
)
iacrcc:closed with /usr/share/texlive/texmf-dist/tex/generic/xstring/xstring.sty
iacrcc:opened with /usr/share/texlive/texmf-dist/tex/latex/base/article.cls
 (/usr/share/texlive/texmf-dist/tex/latex/base/article.cls
Document Class: article 2023/05/17 v1.4n Standard LaTeX document class
iacrcc:opened with /usr/share/texlive/texmf-dist/tex/latex/base/size10.clo
(/usr/share/texlive/texmf-dist/tex/latex/base/size10.clo
File: size10.clo 2023/05/17 v1.4n Standard LaTeX file (size option)
)
iacrcc:closed with /usr/share/texlive/texmf-dist/tex/latex/base/size10.clo
\c@part=\count193
\c@section=\count194
\c@subsection=\count195
\c@subsubsection=\count196
\c@paragraph=\count197
\c@subparagraph=\count198
\c@figure=\count199
\c@table=\count266
\abovecaptionskip=\skip48
\belowcaptionskip=\skip49
\bibindent=\dimen140
)
iacrcc:closed with /usr/share/texlive/texmf-dist/tex/latex/base/article.cls
iacrcc:opened with /usr/share/texlive/texmf-dist/tex/generic/iftex/iftex.sty
 (/usr/share/texlive/texmf-dist/tex/generic/iftex/iftex.sty
Package: iftex 2022/02/03 v1.0f TeX engine tests
)
iacrcc:closed with /usr/share/texlive/texmf-dist/tex/generic/iftex/iftex.sty
iacrcc:opened with /usr/share/texlive/texmf-dist/tex/latex/geometry/geometry.sty
 (/usr/share/texlive/texmf-dist/tex/latex/geometry/geometry.sty
Package: geometry 2020/01/02 v5.9 Page Geometry
iacrcc:opened with /usr/share/texlive/texmf-dist/tex/generic/iftex/ifvtex.sty
 (/usr/share/texlive/texmf-dist/tex/generic/iftex/ifvtex.sty
Package: ifvtex 2019/10/25 v1.7 ifvtex legacy package. Use iftex instead.
)
iacrcc:closed with /usr/share/texlive/texmf-dist/tex/generic/iftex/ifvtex.sty
\Gm@cnth=\count267
\Gm@cntv=\count268
\c@Gm@tempcnt=\count269
\Gm@bindingoffset=\dimen141
\Gm@wd@mp=\dimen142
\Gm@odd@mp=\dimen143
\Gm@even@mp=\dimen144
\Gm@layoutwidth=\dimen145
\Gm@layoutheight=\dimen146
\Gm@layouthoffset=\dimen147
\Gm@layoutvoffset=\dimen148
\Gm@dimlist=\toks20
)
iacrcc:closed with /usr/share/texlive/texmf-dist/tex/latex/geometry/geometry.sty
iacrcc:opened with /usr/share/texlive/texmf-dist/tex/latex/tools/afterpage.sty
 (/usr/share/texlive/texmf-dist/tex/latex/tools/afterpage.sty
Package: afterpage 2023/07/04 v1.08 After-Page Package (DPC)
\AP@output=\toks21
\AP@partial=\box52
\AP@footins=\box53
)
iacrcc:closed with /usr/share/texlive/texmf-dist/tex/latex/tools/afterpage.sty
iacrcc:opened with /usr/share/texlive/texmf-dist/tex/latex/pgf/frontendlayer/tikz.sty
 (/usr/share/texlive/texmf-dist/tex/latex/pgf/frontendlayer/tikz.sty
iacrcc:opened with /usr/share/texlive/texmf-dist/tex/latex/pgf/basiclayer/pgf.sty
 (/usr/share/texlive/texmf-dist/tex/latex/pgf/basiclayer/pgf.sty
iacrcc:opened with /usr/share/texlive/texmf-dist/tex/latex/pgf/utilities/pgfrcs.sty
 (/usr/share/texlive/texmf-dist/tex/latex/pgf/utilities/pgfrcs.sty (/usr/share/texlive/texmf-dist/tex/generic/pgf/utilities/pgfutil-common.tex
\pgfutil@everybye=\toks22
\pgfutil@tempdima=\dimen149
\pgfutil@tempdimb=\dimen150
) (/usr/share/texlive/texmf-dist/tex/generic/pgf/utilities/pgfutil-latex.def
\pgfutil@abb=\box54
)
iacrcc:opened with /usr/share/texlive/texmf-dist/tex/generic/pgf/utilities/pgfrcs.code.tex
 (/usr/share/texlive/texmf-dist/tex/generic/pgf/utilities/pgfrcs.code.tex (/usr/share/texlive/texmf-dist/tex/generic/pgf/pgf.revision.tex)
Package: pgfrcs 2023-01-15 v3.1.10 (3.1.10)
)
iacrcc:closed with /usr/share/texlive/texmf-dist/tex/generic/pgf/utilities/pgfrcs.code.tex
)
iacrcc:closed with /usr/share/texlive/texmf-dist/tex/latex/pgf/utilities/pgfrcs.sty
Package: pgf 2023-01-15 v3.1.10 (3.1.10)
iacrcc:opened with /usr/share/texlive/texmf-dist/tex/latex/pgf/basiclayer/pgfcore.sty
 (/usr/share/texlive/texmf-dist/tex/latex/pgf/basiclayer/pgfcore.sty
iacrcc:opened with /usr/share/texlive/texmf-dist/tex/latex/graphics/graphicx.sty
 (/usr/share/texlive/texmf-dist/tex/latex/graphics/graphicx.sty
Package: graphicx 2021/09/16 v1.2d Enhanced LaTeX Graphics (DPC,SPQR)
iacrcc:opened with /usr/share/texlive/texmf-dist/tex/latex/graphics/graphics.sty
 (/usr/share/texlive/texmf-dist/tex/latex/graphics/graphics.sty
Package: graphics 2022/03/10 v1.4e Standard LaTeX Graphics (DPC,SPQR)
iacrcc:opened with /usr/share/texlive/texmf-dist/tex/latex/graphics/trig.sty
 (/usr/share/texlive/texmf-dist/tex/latex/graphics/trig.sty
Package: trig 2021/08/11 v1.11 sin cos tan (DPC)
)
iacrcc:closed with /usr/share/texlive/texmf-dist/tex/latex/graphics/trig.sty
iacrcc:opened with /usr/share/texlive/texmf-dist/tex/latex/graphics-cfg/graphics.cfg
 (/usr/share/texlive/texmf-dist/tex/latex/graphics-cfg/graphics.cfg
File: graphics.cfg 2016/06/04 v1.11 sample graphics configuration
)
iacrcc:closed with /usr/share/texlive/texmf-dist/tex/latex/graphics-cfg/graphics.cfg
Package graphics Info: Driver file: pdftex.def on input line 107.
iacrcc:opened with /usr/share/texlive/texmf-dist/tex/latex/l3backend/l3backend-pdftex.def
 (/usr/share/texlive/texmf-dist/tex/latex/graphics-def/pdftex.def
File: pdftex.def 2022/09/22 v1.2b Graphics/color driver for pdftex
)
iacrcc:closed with /usr/share/texlive/texmf-dist/tex/latex/l3backend/l3backend-pdftex.def
)
iacrcc:closed with /usr/share/texlive/texmf-dist/tex/latex/graphics/graphics.sty
\Gin@req@height=\dimen151
\Gin@req@width=\dimen152
)
iacrcc:closed with /usr/share/texlive/texmf-dist/tex/latex/graphics/graphicx.sty
iacrcc:opened with /usr/share/texlive/texmf-dist/tex/latex/pgf/systemlayer/pgfsys.sty
 (/usr/share/texlive/texmf-dist/tex/latex/pgf/systemlayer/pgfsys.sty
iacrcc:opened with /usr/share/texlive/texmf-dist/tex/generic/pgf/systemlayer/pgfsys.code.tex
 (/usr/share/texlive/texmf-dist/tex/generic/pgf/systemlayer/pgfsys.code.tex
Package: pgfsys 2023-01-15 v3.1.10 (3.1.10)
 (/usr/share/texlive/texmf-dist/tex/generic/pgf/utilities/pgfkeys.code.tex
\pgfkeys@pathtoks=\toks23
\pgfkeys@temptoks=\toks24
 (/usr/share/texlive/texmf-dist/tex/generic/pgf/utilities/pgfkeyslibraryfiltered.code.tex
\pgfkeys@tmptoks=\toks25
))
\pgf@x=\dimen153
\pgf@y=\dimen154
\pgf@xa=\dimen155
\pgf@ya=\dimen156
\pgf@xb=\dimen157
\pgf@yb=\dimen158
\pgf@xc=\dimen159
\pgf@yc=\dimen160
\pgf@xd=\dimen161
\pgf@yd=\dimen162
\w@pgf@writea=\write3
\r@pgf@reada=\read2
\c@pgf@counta=\count270
\c@pgf@countb=\count271
\c@pgf@countc=\count272
\c@pgf@countd=\count273
\t@pgf@toka=\toks26
\t@pgf@tokb=\toks27
\t@pgf@tokc=\toks28
\pgf@sys@id@count=\count274
 (/usr/share/texlive/texmf-dist/tex/generic/pgf/systemlayer/pgf.cfg
File: pgf.cfg 2023-01-15 v3.1.10 (3.1.10)
)
Driver file for pgf: pgfsys-pdftex.def
 (/usr/share/texlive/texmf-dist/tex/generic/pgf/systemlayer/pgfsys-pdftex.def
File: pgfsys-pdftex.def 2023-01-15 v3.1.10 (3.1.10)
 (/usr/share/texlive/texmf-dist/tex/generic/pgf/systemlayer/pgfsys-common-pdf.def
File: pgfsys-common-pdf.def 2023-01-15 v3.1.10 (3.1.10)
)))
iacrcc:closed with /usr/share/texlive/texmf-dist/tex/generic/pgf/systemlayer/pgfsys.code.tex
iacrcc:opened with /usr/share/texlive/texmf-dist/tex/generic/pgf/systemlayer/pgfsyssoftpath.code.tex
 (/usr/share/texlive/texmf-dist/tex/generic/pgf/systemlayer/pgfsyssoftpath.code.tex
File: pgfsyssoftpath.code.tex 2023-01-15 v3.1.10 (3.1.10)
\pgfsyssoftpath@smallbuffer@items=\count275
\pgfsyssoftpath@bigbuffer@items=\count276
)
iacrcc:closed with /usr/share/texlive/texmf-dist/tex/generic/pgf/systemlayer/pgfsyssoftpath.code.tex
iacrcc:opened with /usr/share/texlive/texmf-dist/tex/generic/pgf/systemlayer/pgfsysprotocol.code.tex
 (/usr/share/texlive/texmf-dist/tex/generic/pgf/systemlayer/pgfsysprotocol.code.tex
File: pgfsysprotocol.code.tex 2023-01-15 v3.1.10 (3.1.10)
)
iacrcc:closed with /usr/share/texlive/texmf-dist/tex/generic/pgf/systemlayer/pgfsysprotocol.code.tex
)
iacrcc:closed with /usr/share/texlive/texmf-dist/tex/latex/pgf/systemlayer/pgfsys.sty
iacrcc:opened with /usr/share/texlive/texmf-dist/tex/latex/xcolor/xcolor.sty
 (/usr/share/texlive/texmf-dist/tex/latex/xcolor/xcolor.sty
Package: xcolor 2023/11/15 v3.01 LaTeX color extensions (UK)
iacrcc:opened with /usr/share/texlive/texmf-dist/tex/latex/graphics-cfg/color.cfg
 (/usr/share/texlive/texmf-dist/tex/latex/graphics-cfg/color.cfg
File: color.cfg 2016/01/02 v1.6 sample color configuration
)
iacrcc:closed with /usr/share/texlive/texmf-dist/tex/latex/graphics-cfg/color.cfg
Package xcolor Info: Driver file: pdftex.def on input line 274.
iacrcc:opened with /usr/share/texlive/texmf-dist/tex/latex/graphics/mathcolor.ltx
 (/usr/share/texlive/texmf-dist/tex/latex/graphics/mathcolor.ltx)
iacrcc:closed with /usr/share/texlive/texmf-dist/tex/latex/graphics/mathcolor.ltx
Package xcolor Info: Model `cmy' substituted by `cmy0' on input line 1350.
Package xcolor Info: Model `hsb' substituted by `rgb' on input line 1354.
Package xcolor Info: Model `RGB' extended on input line 1366.
Package xcolor Info: Model `HTML' substituted by `rgb' on input line 1368.
Package xcolor Info: Model `Hsb' substituted by `hsb' on input line 1369.
Package xcolor Info: Model `tHsb' substituted by `hsb' on input line 1370.
Package xcolor Info: Model `HSB' substituted by `hsb' on input line 1371.
Package xcolor Info: Model `Gray' substituted by `gray' on input line 1372.
Package xcolor Info: Model `wave' substituted by `hsb' on input line 1373.
)
iacrcc:closed with /usr/share/texlive/texmf-dist/tex/latex/xcolor/xcolor.sty
iacrcc:opened with /usr/share/texlive/texmf-dist/tex/generic/pgf/basiclayer/pgfcore.code.tex
 (/usr/share/texlive/texmf-dist/tex/generic/pgf/basiclayer/pgfcore.code.tex
Package: pgfcore 2023-01-15 v3.1.10 (3.1.10)
 (/usr/share/texlive/texmf-dist/tex/generic/pgf/math/pgfmath.code.tex (/usr/share/texlive/texmf-dist/tex/generic/pgf/math/pgfmathutil.code.tex) (/usr/share/texlive/texmf-dist/tex/generic/pgf/math/pgfmathparser.code.tex
\pgfmath@dimen=\dimen163
\pgfmath@count=\count277
\pgfmath@box=\box55
\pgfmath@toks=\toks29
\pgfmath@stack@operand=\toks30
\pgfmath@stack@operation=\toks31
) (/usr/share/texlive/texmf-dist/tex/generic/pgf/math/pgfmathfunctions.code.tex) (/usr/share/texlive/texmf-dist/tex/generic/pgf/math/pgfmathfunctions.basic.code.tex) (/usr/share/texlive/texmf-dist/tex/generic/pgf/math/pgfmathfunctions.trigonometric.code.tex) (/usr/share/texlive/texmf-dist/tex/generic/pgf/math/pgfmathfunctions.random.code.tex) (/usr/share/texlive/texmf-dist/tex/generic/pgf/math/pgfmathfunctions.comparison.code.tex) (/usr/share/texlive/texmf-dist/tex/generic/pgf/math/pgfmathfunctions.base.code.tex) (/usr/share/texlive/texmf-dist/tex/generic/pgf/math/pgfmathfunctions.round.code.tex) (/usr/share/texlive/texmf-dist/tex/generic/pgf/math/pgfmathfunctions.misc.code.tex) (/usr/share/texlive/texmf-dist/tex/generic/pgf/math/pgfmathfunctions.integerarithmetics.code.tex) (/usr/share/texlive/texmf-dist/tex/generic/pgf/math/pgfmathcalc.code.tex) (/usr/share/texlive/texmf-dist/tex/generic/pgf/math/pgfmathfloat.code.tex
\c@pgfmathroundto@lastzeros=\count278
)) (/usr/share/texlive/texmf-dist/tex/generic/pgf/math/pgfint.code.tex) (/usr/share/texlive/texmf-dist/tex/generic/pgf/basiclayer/pgfcorepoints.code.tex
File: pgfcorepoints.code.tex 2023-01-15 v3.1.10 (3.1.10)
\pgf@picminx=\dimen164
\pgf@picmaxx=\dimen165
\pgf@picminy=\dimen166
\pgf@picmaxy=\dimen167
\pgf@pathminx=\dimen168
\pgf@pathmaxx=\dimen169
\pgf@pathminy=\dimen170
\pgf@pathmaxy=\dimen171
\pgf@xx=\dimen172
\pgf@xy=\dimen173
\pgf@yx=\dimen174
\pgf@yy=\dimen175
\pgf@zx=\dimen176
\pgf@zy=\dimen177
) (/usr/share/texlive/texmf-dist/tex/generic/pgf/basiclayer/pgfcorepathconstruct.code.tex
File: pgfcorepathconstruct.code.tex 2023-01-15 v3.1.10 (3.1.10)
\pgf@path@lastx=\dimen178
\pgf@path@lasty=\dimen179
) (/usr/share/texlive/texmf-dist/tex/generic/pgf/basiclayer/pgfcorepathusage.code.tex
File: pgfcorepathusage.code.tex 2023-01-15 v3.1.10 (3.1.10)
\pgf@shorten@end@additional=\dimen180
\pgf@shorten@start@additional=\dimen181
) (/usr/share/texlive/texmf-dist/tex/generic/pgf/basiclayer/pgfcorescopes.code.tex
File: pgfcorescopes.code.tex 2023-01-15 v3.1.10 (3.1.10)
\pgfpic=\box56
\pgf@hbox=\box57
\pgf@layerbox@main=\box58
\pgf@picture@serial@count=\count279
) (/usr/share/texlive/texmf-dist/tex/generic/pgf/basiclayer/pgfcoregraphicstate.code.tex
File: pgfcoregraphicstate.code.tex 2023-01-15 v3.1.10 (3.1.10)
\pgflinewidth=\dimen182
) (/usr/share/texlive/texmf-dist/tex/generic/pgf/basiclayer/pgfcoretransformations.code.tex
File: pgfcoretransformations.code.tex 2023-01-15 v3.1.10 (3.1.10)
\pgf@pt@x=\dimen183
\pgf@pt@y=\dimen184
\pgf@pt@temp=\dimen185
) (/usr/share/texlive/texmf-dist/tex/generic/pgf/basiclayer/pgfcorequick.code.tex
File: pgfcorequick.code.tex 2023-01-15 v3.1.10 (3.1.10)
) (/usr/share/texlive/texmf-dist/tex/generic/pgf/basiclayer/pgfcoreobjects.code.tex
File: pgfcoreobjects.code.tex 2023-01-15 v3.1.10 (3.1.10)
) (/usr/share/texlive/texmf-dist/tex/generic/pgf/basiclayer/pgfcorepathprocessing.code.tex
File: pgfcorepathprocessing.code.tex 2023-01-15 v3.1.10 (3.1.10)
) (/usr/share/texlive/texmf-dist/tex/generic/pgf/basiclayer/pgfcorearrows.code.tex
File: pgfcorearrows.code.tex 2023-01-15 v3.1.10 (3.1.10)
\pgfarrowsep=\dimen186
) (/usr/share/texlive/texmf-dist/tex/generic/pgf/basiclayer/pgfcoreshade.code.tex
File: pgfcoreshade.code.tex 2023-01-15 v3.1.10 (3.1.10)
\pgf@max=\dimen187
\pgf@sys@shading@range@num=\count280
\pgf@shadingcount=\count281
) (/usr/share/texlive/texmf-dist/tex/generic/pgf/basiclayer/pgfcoreimage.code.tex
File: pgfcoreimage.code.tex 2023-01-15 v3.1.10 (3.1.10)
) (/usr/share/texlive/texmf-dist/tex/generic/pgf/basiclayer/pgfcoreexternal.code.tex
File: pgfcoreexternal.code.tex 2023-01-15 v3.1.10 (3.1.10)
\pgfexternal@startupbox=\box59
) (/usr/share/texlive/texmf-dist/tex/generic/pgf/basiclayer/pgfcorelayers.code.tex
File: pgfcorelayers.code.tex 2023-01-15 v3.1.10 (3.1.10)
) (/usr/share/texlive/texmf-dist/tex/generic/pgf/basiclayer/pgfcoretransparency.code.tex
File: pgfcoretransparency.code.tex 2023-01-15 v3.1.10 (3.1.10)
) (/usr/share/texlive/texmf-dist/tex/generic/pgf/basiclayer/pgfcorepatterns.code.tex
File: pgfcorepatterns.code.tex 2023-01-15 v3.1.10 (3.1.10)
) (/usr/share/texlive/texmf-dist/tex/generic/pgf/basiclayer/pgfcorerdf.code.tex
File: pgfcorerdf.code.tex 2023-01-15 v3.1.10 (3.1.10)
))
iacrcc:closed with /usr/share/texlive/texmf-dist/tex/generic/pgf/basiclayer/pgfcore.code.tex
)
iacrcc:closed with /usr/share/texlive/texmf-dist/tex/latex/pgf/basiclayer/pgfcore.sty
 (/usr/share/texlive/texmf-dist/tex/generic/pgf/modules/pgfmoduleshapes.code.tex
File: pgfmoduleshapes.code.tex 2023-01-15 v3.1.10 (3.1.10)
\pgfnodeparttextbox=\box60
) (/usr/share/texlive/texmf-dist/tex/generic/pgf/modules/pgfmoduleplot.code.tex
File: pgfmoduleplot.code.tex 2023-01-15 v3.1.10 (3.1.10)
)
iacrcc:opened with /usr/share/texlive/texmf-dist/tex/latex/pgf/compatibility/pgfcomp-version-0-65.sty
 (/usr/share/texlive/texmf-dist/tex/latex/pgf/compatibility/pgfcomp-version-0-65.sty
Package: pgfcomp-version-0-65 2023-01-15 v3.1.10 (3.1.10)
\pgf@nodesepstart=\dimen188
\pgf@nodesepend=\dimen189
)
iacrcc:closed with /usr/share/texlive/texmf-dist/tex/latex/pgf/compatibility/pgfcomp-version-0-65.sty
iacrcc:opened with /usr/share/texlive/texmf-dist/tex/latex/pgf/compatibility/pgfcomp-version-1-18.sty
 (/usr/share/texlive/texmf-dist/tex/latex/pgf/compatibility/pgfcomp-version-1-18.sty
Package: pgfcomp-version-1-18 2023-01-15 v3.1.10 (3.1.10)
)
iacrcc:closed with /usr/share/texlive/texmf-dist/tex/latex/pgf/compatibility/pgfcomp-version-1-18.sty
)
iacrcc:closed with /usr/share/texlive/texmf-dist/tex/latex/pgf/basiclayer/pgf.sty
iacrcc:opened with /usr/share/texlive/texmf-dist/tex/latex/pgf/utilities/pgffor.sty
 (/usr/share/texlive/texmf-dist/tex/latex/pgf/utilities/pgffor.sty
iacrcc:opened with /usr/share/texlive/texmf-dist/tex/latex/pgf/utilities/pgfkeys.sty
 (/usr/share/texlive/texmf-dist/tex/latex/pgf/utilities/pgfkeys.sty
iacrcc:opened with /usr/share/texlive/texmf-dist/tex/generic/pgf/utilities/pgfkeys.code.tex
 (/usr/share/texlive/texmf-dist/tex/generic/pgf/utilities/pgfkeys.code.tex)
iacrcc:closed with /usr/share/texlive/texmf-dist/tex/generic/pgf/utilities/pgfkeys.code.tex
)
iacrcc:closed with /usr/share/texlive/texmf-dist/tex/latex/pgf/utilities/pgfkeys.sty
iacrcc:opened with /usr/share/texlive/texmf-dist/tex/latex/pgf/math/pgfmath.sty
 (/usr/share/texlive/texmf-dist/tex/latex/pgf/math/pgfmath.sty
iacrcc:opened with /usr/share/texlive/texmf-dist/tex/generic/pgf/math/pgfmath.code.tex
 (/usr/share/texlive/texmf-dist/tex/generic/pgf/math/pgfmath.code.tex)
iacrcc:closed with /usr/share/texlive/texmf-dist/tex/generic/pgf/math/pgfmath.code.tex
)
iacrcc:closed with /usr/share/texlive/texmf-dist/tex/latex/pgf/math/pgfmath.sty
iacrcc:opened with /usr/share/texlive/texmf-dist/tex/generic/pgf/utilities/pgffor.code.tex
 (/usr/share/texlive/texmf-dist/tex/generic/pgf/utilities/pgffor.code.tex
Package: pgffor 2023-01-15 v3.1.10 (3.1.10)
\pgffor@iter=\dimen190
\pgffor@skip=\dimen191
\pgffor@stack=\toks32
\pgffor@toks=\toks33
)
iacrcc:closed with /usr/share/texlive/texmf-dist/tex/generic/pgf/utilities/pgffor.code.tex
)
iacrcc:closed with /usr/share/texlive/texmf-dist/tex/latex/pgf/utilities/pgffor.sty
iacrcc:opened with /usr/share/texlive/texmf-dist/tex/generic/pgf/frontendlayer/tikz/tikz.code.tex
 (/usr/share/texlive/texmf-dist/tex/generic/pgf/frontendlayer/tikz/tikz.code.tex
Package: tikz 2023-01-15 v3.1.10 (3.1.10)
 (/usr/share/texlive/texmf-dist/tex/generic/pgf/libraries/pgflibraryplothandlers.code.tex
File: pgflibraryplothandlers.code.tex 2023-01-15 v3.1.10 (3.1.10)
\pgf@plot@mark@count=\count282
\pgfplotmarksize=\dimen192
)
\tikz@lastx=\dimen193
\tikz@lasty=\dimen194
\tikz@lastxsaved=\dimen195
\tikz@lastysaved=\dimen196
\tikz@lastmovetox=\dimen197
\tikz@lastmovetoy=\dimen198
\tikzleveldistance=\dimen199
\tikzsiblingdistance=\dimen256
\tikz@figbox=\box61
\tikz@figbox@bg=\box62
\tikz@tempbox=\box63
\tikz@tempbox@bg=\box64
\tikztreelevel=\count283
\tikznumberofchildren=\count284
\tikznumberofcurrentchild=\count285
\tikz@fig@count=\count286
 (/usr/share/texlive/texmf-dist/tex/generic/pgf/modules/pgfmodulematrix.code.tex
File: pgfmodulematrix.code.tex 2023-01-15 v3.1.10 (3.1.10)
\pgfmatrixcurrentrow=\count287
\pgfmatrixcurrentcolumn=\count288
\pgf@matrix@numberofcolumns=\count289
)
\tikz@expandcount=\count290
 (/usr/share/texlive/texmf-dist/tex/generic/pgf/frontendlayer/tikz/libraries/tikzlibrarytopaths.code.tex
File: tikzlibrarytopaths.code.tex 2023-01-15 v3.1.10 (3.1.10)
))
iacrcc:closed with /usr/share/texlive/texmf-dist/tex/generic/pgf/frontendlayer/tikz/tikz.code.tex
)
iacrcc:closed with /usr/share/texlive/texmf-dist/tex/latex/pgf/frontendlayer/tikz.sty
 (/usr/share/texlive/texmf-dist/tex/generic/pgf/frontendlayer/tikz/libraries/tikzlibrarysvg.path.code.tex
File: tikzlibrarysvg.path.code.tex 2023-01-15 v3.1.10 (3.1.10)
 (/usr/share/texlive/texmf-dist/tex/generic/pgf/libraries/pgflibrarysvg.path.code.tex
File: pgflibrarysvg.path.code.tex 2023-01-15 v3.1.10 (3.1.10)
 (/usr/share/texlive/texmf-dist/tex/generic/pgf/modules/pgfmoduleparser.code.tex
File: pgfmoduleparser.code.tex 2023-01-15 v3.1.10 (3.1.10)
\pgfparserdef@arg@count=\count291
)
\pgf@lib@svg@last@x=\dimen257
\pgf@lib@svg@last@y=\dimen258
\pgf@lib@svg@last@c@x=\dimen259
\pgf@lib@svg@last@c@y=\dimen260
\pgf@lib@svg@count=\count292
\pgf@lib@svg@max@num=\count293
))
\@curXheight=\skip50
\c@IACR@author@cnt=\count294
\c@IACR@inst@cnt=\count295
\c@IACR@email@cnt=\count296
\iacrmeta=\write4
\openout4 = `template.meta'.

iacrcc:opened with /usr/share/texlive/texmf-dist/tex/latex/xpatch/xpatch.sty
 (/usr/share/texlive/texmf-dist/tex/latex/xpatch/xpatch.sty
Package: xpatch 2020/03/25 v0.3a Extending etoolbox patching commands
iacrcc:opened with /usr/share/texlive/texmf-dist/tex/latex/l3packages/xparse/xparse.sty
 (/usr/share/texlive/texmf-dist/tex/latex/l3packages/xparse/xparse.sty
Package: xparse 2023-10-10 L3 Experimental document command parser
)
iacrcc:closed with /usr/share/texlive/texmf-dist/tex/latex/l3packages/xparse/xparse.sty
)
iacrcc:closed with /usr/share/texlive/texmf-dist/tex/latex/xpatch/xpatch.sty
iacrcc:opened with /usr/share/texlive/texmf-dist/tex/generic/alphalph/alphalph.sty
 (/usr/share/texlive/texmf-dist/tex/generic/alphalph/alphalph.sty
Package: alphalph 2019/12/09 v2.6 Convert numbers to letters (HO)
iacrcc:opened with /usr/share/texlive/texmf-dist/tex/generic/infwarerr/infwarerr.sty
 (/usr/share/texlive/texmf-dist/tex/generic/infwarerr/infwarerr.sty
Package: infwarerr 2019/12/03 v1.5 Providing info/warning/error messages (HO)
)
iacrcc:closed with /usr/share/texlive/texmf-dist/tex/generic/infwarerr/infwarerr.sty
iacrcc:opened with /usr/share/texlive/texmf-dist/tex/generic/intcalc/intcalc.sty
 (/usr/share/texlive/texmf-dist/tex/generic/intcalc/intcalc.sty
Package: intcalc 2019/12/15 v1.3 Expandable calculations with integers (HO)
)
iacrcc:closed with /usr/share/texlive/texmf-dist/tex/generic/intcalc/intcalc.sty
)
iacrcc:closed with /usr/share/texlive/texmf-dist/tex/generic/alphalph/alphalph.sty
iacrcc:opened with /usr/share/texlive/texmf-dist/tex/generic/tokcycle/tokcycle.sty
 (/usr/share/texlive/texmf-dist/tex/generic/tokcycle/tokcycle.sty (/usr/share/texlive/texmf-dist/tex/generic/tokcycle/tokcycle.tex
\tc@tok=\toks34
\tcdepth=\count297
\cytoks=\toks35
)
Package: tokcycle 2021/08/25 V1.42 Cycle through and transform a stream of tokens
)
iacrcc:closed with /usr/share/texlive/texmf-dist/tex/generic/tokcycle/tokcycle.sty
iacrcc:opened with /usr/share/texlive/texmf-dist/tex/generic/listofitems/listofitems.sty
 (/usr/share/texlive/texmf-dist/tex/generic/listofitems/listofitems.sty (/usr/share/texlive/texmf-dist/tex/generic/listofitems/listofitems.tex
\loi_cnt_foreach_nest=\count298
\loi_nestcnt=\count299
)
Package: listofitems 2019/08/21 v1.63 Grab items in lists using user-specified sep char (CT)
)
iacrcc:closed with /usr/share/texlive/texmf-dist/tex/generic/listofitems/listofitems.sty
iacrcc:opened with /usr/share/texlive/texmf-dist/tex/latex/fancyhdr/fancyhdr.sty
 (/usr/share/texlive/texmf-dist/tex/latex/fancyhdr/fancyhdr.sty
Package: fancyhdr 2022/11/09 v4.1 Extensive control of page headers and footers
\f@nch@headwidth=\skip51
\f@nch@O@elh=\skip52
\f@nch@O@erh=\skip53
\f@nch@O@olh=\skip54
\f@nch@O@orh=\skip55
\f@nch@O@elf=\skip56
\f@nch@O@erf=\skip57
\f@nch@O@olf=\skip58
\f@nch@O@orf=\skip59
)
iacrcc:closed with /usr/share/texlive/texmf-dist/tex/latex/fancyhdr/fancyhdr.sty
iacrcc:opened with /usr/share/texlive/texmf-dist/tex/latex/xurl/xurl.sty
 (/usr/share/texlive/texmf-dist/tex/latex/xurl/xurl.sty
Package: xurl 2022/01/09 v 0.10 modify URL breaks
iacrcc:opened with /usr/share/texlive/texmf-dist/tex/latex/xurl/xurl.sty
 (/usr/share/texlive/texmf-dist/tex/latex/url/url.sty
\Urlmuskip=\muskip16
Package: url 2013/09/16  ver 3.4  Verb mode for urls, etc.
)
iacrcc:closed with /usr/share/texlive/texmf-dist/tex/latex/xurl/xurl.sty
)
iacrcc:closed with /usr/share/texlive/texmf-dist/tex/latex/xurl/xurl.sty
iacrcc:opened with /usr/share/texlive/texmf-dist/tex/latex/fancyvrb/fancyvrb.sty
 (/usr/share/texlive/texmf-dist/tex/latex/fancyvrb/fancyvrb.sty
Package: fancyvrb 2024/01/20 4.5c verbatim text (tvz,hv)
\FV@CodeLineNo=\count300
\FV@InFile=\read3
\FV@TabBox=\box65
\c@FancyVerbLine=\count301
\FV@StepNumber=\count302
\FV@OutFile=\write5
)
iacrcc:closed with /usr/share/texlive/texmf-dist/tex/latex/fancyvrb/fancyvrb.sty
iacrcc:opened with /usr/share/texlive/texmf-dist/tex/latex/amsmath/amsmath.sty
 (/usr/share/texlive/texmf-dist/tex/latex/amsmath/amsmath.sty
Package: amsmath 2023/05/13 v2.17o AMS math features
\@mathmargin=\skip60

For additional information on amsmath, use the `?' option.
iacrcc:opened with /usr/share/texlive/texmf-dist/tex/latex/amsmath/amstext.sty
(/usr/share/texlive/texmf-dist/tex/latex/amsmath/amstext.sty
Package: amstext 2021/08/26 v2.01 AMS text
iacrcc:opened with /usr/share/texlive/texmf-dist/tex/latex/amsmath/amsgen.sty
 (/usr/share/texlive/texmf-dist/tex/latex/amsmath/amsgen.sty
File: amsgen.sty 1999/11/30 v2.0 generic functions
\@emptytoks=\toks36
\ex@=\dimen261
)
iacrcc:closed with /usr/share/texlive/texmf-dist/tex/latex/amsmath/amsgen.sty
)
iacrcc:closed with /usr/share/texlive/texmf-dist/tex/latex/amsmath/amstext.sty
iacrcc:opened with /usr/share/texlive/texmf-dist/tex/latex/amsmath/amsbsy.sty
 (/usr/share/texlive/texmf-dist/tex/latex/amsmath/amsbsy.sty
Package: amsbsy 1999/11/29 v1.2d Bold Symbols
\pmbraise@=\dimen262
)
iacrcc:closed with /usr/share/texlive/texmf-dist/tex/latex/amsmath/amsbsy.sty
iacrcc:opened with /usr/share/texlive/texmf-dist/tex/latex/amsmath/amsopn.sty
 (/usr/share/texlive/texmf-dist/tex/latex/amsmath/amsopn.sty
Package: amsopn 2022/04/08 v2.04 operator names
)
iacrcc:closed with /usr/share/texlive/texmf-dist/tex/latex/amsmath/amsopn.sty
\inf@bad=\count303
LaTeX Info: Redefining \frac on input line 234.
\uproot@=\count304
\leftroot@=\count305
LaTeX Info: Redefining \overline on input line 399.
LaTeX Info: Redefining \colon on input line 410.
\classnum@=\count306
\DOTSCASE@=\count307
LaTeX Info: Redefining \ldots on input line 496.
LaTeX Info: Redefining \dots on input line 499.
LaTeX Info: Redefining \cdots on input line 620.
\Mathstrutbox@=\box66
\strutbox@=\box67
LaTeX Info: Redefining \big on input line 722.
LaTeX Info: Redefining \Big on input line 723.
LaTeX Info: Redefining \bigg on input line 724.
LaTeX Info: Redefining \Bigg on input line 725.
\big@size=\dimen263
LaTeX Font Info:    Redeclaring font encoding OML on input line 743.
LaTeX Font Info:    Redeclaring font encoding OMS on input line 744.
\macc@depth=\count308
LaTeX Info: Redefining \bmod on input line 905.
LaTeX Info: Redefining \pmod on input line 910.
LaTeX Info: Redefining \smash on input line 940.
LaTeX Info: Redefining \relbar on input line 970.
LaTeX Info: Redefining \Relbar on input line 971.
\c@MaxMatrixCols=\count309
\dotsspace@=\muskip17
\c@parentequation=\count310
\dspbrk@lvl=\count311
\tag@help=\toks37
\row@=\count312
\column@=\count313
\maxfields@=\count314
\andhelp@=\toks38
\eqnshift@=\dimen264
\alignsep@=\dimen265
\tagshift@=\dimen266
\tagwidth@=\dimen267
\totwidth@=\dimen268
\lineht@=\dimen269
\@envbody=\toks39
\multlinegap=\skip61
\multlinetaggap=\skip62
\mathdisplay@stack=\toks40
LaTeX Info: Redefining \[ on input line 2953.
LaTeX Info: Redefining \] on input line 2954.
)
iacrcc:closed with /usr/share/texlive/texmf-dist/tex/latex/amsmath/amsmath.sty
iacrcc:opened with /usr/share/texlive/texmf-dist/tex/latex/amsfonts/amssymb.sty
 (/usr/share/texlive/texmf-dist/tex/latex/amsfonts/amssymb.sty
Package: amssymb 2013/01/14 v3.01 AMS font symbols
iacrcc:opened with /usr/share/texlive/texmf-dist/tex/latex/amsfonts/amsfonts.sty
 (/usr/share/texlive/texmf-dist/tex/latex/amsfonts/amsfonts.sty
Package: amsfonts 2013/01/14 v3.01 Basic AMSFonts support
\symAMSa=\mathgroup4
\symAMSb=\mathgroup5
LaTeX Font Info:    Redeclaring math symbol \hbar on input line 98.
LaTeX Font Info:    Overwriting math alphabet `\mathfrak' in version `bold'
(Font)                  U/euf/m/n --> U/euf/b/n on input line 106.
)
iacrcc:closed with /usr/share/texlive/texmf-dist/tex/latex/amsfonts/amsfonts.sty
)
iacrcc:closed with /usr/share/texlive/texmf-dist/tex/latex/amsfonts/amssymb.sty
iacrcc:opened with /usr/share/texlive/texmf-dist/tex/latex/amscls/amsthm.sty
 (/usr/share/texlive/texmf-dist/tex/latex/amscls/amsthm.sty
Package: amsthm 2020/05/29 v2.20.6
\thm@style=\toks41
\thm@bodyfont=\toks42
\thm@headfont=\toks43
\thm@notefont=\toks44
\thm@headpunct=\toks45
\thm@preskip=\skip63
\thm@postskip=\skip64
\thm@headsep=\skip65
\dth@everypar=\toks46
)
iacrcc:closed with /usr/share/texlive/texmf-dist/tex/latex/amscls/amsthm.sty
iacrcc:opened with /usr/share/texlive/texmf-dist/tex/latex/mathtools/mathtools.sty
 (/usr/share/texlive/texmf-dist/tex/latex/mathtools/mathtools.sty
Package: mathtools 2022/06/29 v1.29 mathematical typesetting tools
iacrcc:opened with /usr/share/texlive/texmf-dist/tex/generic/intcalc/intcalc.sty
 (/usr/share/texlive/texmf-dist/tex/latex/tools/calc.sty
Package: calc 2023/07/08 v4.3 Infix arithmetic (KKT,FJ)
\calc@Acount=\count315
\calc@Bcount=\count316
\calc@Adimen=\dimen270
\calc@Bdimen=\dimen271
\calc@Askip=\skip66
\calc@Bskip=\skip67
LaTeX Info: Redefining \setlength on input line 80.
LaTeX Info: Redefining \addtolength on input line 81.
\calc@Ccount=\count317
\calc@Cskip=\skip68
)
iacrcc:closed with /usr/share/texlive/texmf-dist/tex/generic/intcalc/intcalc.sty
iacrcc:opened with /usr/share/texlive/texmf-dist/tex/latex/mathtools/mhsetup.sty
 (/usr/share/texlive/texmf-dist/tex/latex/mathtools/mhsetup.sty
Package: mhsetup 2021/03/18 v1.4 programming setup (MH)
)
iacrcc:closed with /usr/share/texlive/texmf-dist/tex/latex/mathtools/mhsetup.sty
\g_MT_multlinerow_int=\count318
\l_MT_multwidth_dim=\dimen272
\origjot=\skip69
\l_MT_shortvdotswithinadjustabove_dim=\dimen273
\l_MT_shortvdotswithinadjustbelow_dim=\dimen274
\l_MT_above_intertext_sep=\dimen275
\l_MT_below_intertext_sep=\dimen276
\l_MT_above_shortintertext_sep=\dimen277
\l_MT_below_shortintertext_sep=\dimen278
\xmathstrut@box=\box68
\xmathstrut@dim=\dimen279
)
iacrcc:closed with /usr/share/texlive/texmf-dist/tex/latex/mathtools/mathtools.sty
\c@definition=\count319
\c@example=\count320
\c@exercise=\count321
\c@property=\count322
\c@question=\count323
\c@solution=\count324
\c@theorem=\count325
\c@proposition=\count326
\c@problem=\count327
\c@lemma=\count328
\c@conjecture=\count329
\c@corollary=\count330
\c@remark=\count331
\c@note=\count332
\c@case=\count333
iacrcc:opened with /usr/share/texlive/texmf-dist/tex/latex/float/float.sty
 (/usr/share/texlive/texmf-dist/tex/latex/float/float.sty
Package: float 2001/11/08 v1.3d Float enhancements (AL)
\c@float@type=\count334
\float@exts=\toks47
\float@box=\box69
\@float@everytoks=\toks48
\@floatcapt=\box70
)
iacrcc:closed with /usr/share/texlive/texmf-dist/tex/latex/float/float.sty
\@float@every@table=\toks49
\@float@every@figure=\toks50
iacrcc:opened with /usr/share/texlive/texmf-dist/tex/latex/lineno/lineno.sty
 (/usr/share/texlive/texmf-dist/tex/latex/lineno/lineno.sty
Package: lineno 2023/05/20 line numbers on paragraphs v5.3
\linenopenalty=\count335
\output=\toks51
\linenoprevgraf=\count336
\linenumbersep=\dimen280
\linenumberwidth=\dimen281
\c@linenumber=\count337
\c@pagewiselinenumber=\count338
\c@LN@truepage=\count339
\c@internallinenumber=\count340
\c@internallinenumbers=\count341
\quotelinenumbersep=\dimen282
\bframerule=\dimen283
\bframesep=\dimen284
\bframebox=\box71
\linenoamsmath@ams@eqpen=\count342
LaTeX Info: Redefining \\ on input line 3180.
)
iacrcc:closed with /usr/share/texlive/texmf-dist/tex/latex/lineno/lineno.sty
iacrcc:opened with /usr/share/texlive/texmf-dist/tex/latex/microtype/microtype.sty
 (/usr/share/texlive/texmf-dist/tex/latex/microtype/microtype.sty
Package: microtype 2023/03/13 v3.1a Micro-typographical refinements (RS)
\MT@toks=\toks52
\MT@tempbox=\box72
\MT@count=\count343
LaTeX Info: Redefining \noprotrusionifhmode on input line 1059.
LaTeX Info: Redefining \leftprotrusion on input line 1060.
\MT@prot@toks=\toks53
LaTeX Info: Redefining \rightprotrusion on input line 1078.
LaTeX Info: Redefining \textls on input line 1368.
\MT@outer@kern=\dimen285
LaTeX Info: Redefining \textmicrotypecontext on input line 1988.
\MT@listname@count=\count344
iacrcc:opened with /usr/share/texlive/texmf-dist/tex/latex/microtype/microtype-pdftex.def
 (/usr/share/texlive/texmf-dist/tex/latex/microtype/microtype-pdftex.def
File: microtype-pdftex.def 2023/03/13 v3.1a Definitions specific to pdftex (RS)
LaTeX Info: Redefining \lsstyle on input line 902.
LaTeX Info: Redefining \lslig on input line 902.
\MT@outer@space=\skip70
)
iacrcc:closed with /usr/share/texlive/texmf-dist/tex/latex/microtype/microtype-pdftex.def
Package microtype Info: Loading configuration file microtype.cfg.
iacrcc:opened with /usr/share/texlive/texmf-dist/tex/latex/microtype/microtype.cfg
 (/usr/share/texlive/texmf-dist/tex/latex/microtype/microtype.cfg
File: microtype.cfg 2023/03/13 v3.1a microtype main configuration file (RS)
)
iacrcc:closed with /usr/share/texlive/texmf-dist/tex/latex/microtype/microtype.cfg
)
iacrcc:closed with /usr/share/texlive/texmf-dist/tex/latex/microtype/microtype.sty
iacrcc:opened with /usr/share/texmf/tex/latex/lm/lmodern.sty
 (/usr/share/texmf/tex/latex/lm/lmodern.sty
Package: lmodern 2015/05/01 v1.6.1 Latin Modern Fonts
LaTeX Font Info:    Overwriting symbol font `operators' in version `normal'
(Font)                  OT1/cmr/m/n --> OT1/lmr/m/n on input line 22.
LaTeX Font Info:    Overwriting symbol font `letters' in version `normal'
(Font)                  OML/cmm/m/it --> OML/lmm/m/it on input line 23.
LaTeX Font Info:    Overwriting symbol font `symbols' in version `normal'
(Font)                  OMS/cmsy/m/n --> OMS/lmsy/m/n on input line 24.
LaTeX Font Info:    Overwriting symbol font `largesymbols' in version `normal'
(Font)                  OMX/cmex/m/n --> OMX/lmex/m/n on input line 25.
LaTeX Font Info:    Overwriting symbol font `operators' in version `bold'
(Font)                  OT1/cmr/bx/n --> OT1/lmr/bx/n on input line 26.
LaTeX Font Info:    Overwriting symbol font `letters' in version `bold'
(Font)                  OML/cmm/b/it --> OML/lmm/b/it on input line 27.
LaTeX Font Info:    Overwriting symbol font `symbols' in version `bold'
(Font)                  OMS/cmsy/b/n --> OMS/lmsy/b/n on input line 28.
LaTeX Font Info:    Overwriting symbol font `largesymbols' in version `bold'
(Font)                  OMX/cmex/m/n --> OMX/lmex/m/n on input line 29.
LaTeX Font Info:    Overwriting math alphabet `\mathbf' in version `normal'
(Font)                  OT1/cmr/bx/n --> OT1/lmr/bx/n on input line 31.
LaTeX Font Info:    Overwriting math alphabet `\mathsf' in version `normal'
(Font)                  OT1/cmss/m/n --> OT1/lmss/m/n on input line 32.
LaTeX Font Info:    Overwriting math alphabet `\mathit' in version `normal'
(Font)                  OT1/cmr/m/it --> OT1/lmr/m/it on input line 33.
LaTeX Font Info:    Overwriting math alphabet `\mathtt' in version `normal'
(Font)                  OT1/cmtt/m/n --> OT1/lmtt/m/n on input line 34.
LaTeX Font Info:    Overwriting math alphabet `\mathbf' in version `bold'
(Font)                  OT1/cmr/bx/n --> OT1/lmr/bx/n on input line 35.
LaTeX Font Info:    Overwriting math alphabet `\mathsf' in version `bold'
(Font)                  OT1/cmss/bx/n --> OT1/lmss/bx/n on input line 36.
LaTeX Font Info:    Overwriting math alphabet `\mathit' in version `bold'
(Font)                  OT1/cmr/bx/it --> OT1/lmr/bx/it on input line 37.
LaTeX Font Info:    Overwriting math alphabet `\mathtt' in version `bold'
(Font)                  OT1/cmtt/m/n --> OT1/lmtt/m/n on input line 38.
)
iacrcc:closed with /usr/share/texmf/tex/latex/lm/lmodern.sty
)
iacrcc:closed with /home/halil/Desktop/GitHub/Articles/iacrcc_Hash/template.tex
iacrcc:opened with /usr/share/texlive/texmf-dist/tex/latex/algorithmicx/algpseudocode.sty
 (/usr/share/texlive/texmf-dist/tex/latex/algorithmicx/algpseudocode.sty
Package: algpseudocode 
iacrcc:opened with /usr/share/texlive/texmf-dist/tex/latex/base/ifthen.sty
 (/usr/share/texlive/texmf-dist/tex/latex/base/ifthen.sty
Package: ifthen 2022/04/13 v1.1d Standard LaTeX ifthen package (DPC)
)
iacrcc:closed with /usr/share/texlive/texmf-dist/tex/latex/base/ifthen.sty
iacrcc:opened with /usr/share/texlive/texmf-dist/tex/latex/algorithmicx/algorithmicx.sty
 (/usr/share/texlive/texmf-dist/tex/latex/algorithmicx/algorithmicx.sty
Package: algorithmicx 2005/04/27 v1.2 Algorithmicx

Document Style algorithmicx 1.2 - a greatly improved `algorithmic' style
\c@ALG@line=\count345
\c@ALG@rem=\count346
\c@ALG@nested=\count347
\ALG@tlm=\skip71
\ALG@thistlm=\skip72
\c@ALG@Lnr=\count348
\c@ALG@blocknr=\count349
\c@ALG@storecount=\count350
\c@ALG@tmpcounter=\count351
\ALG@tmplength=\skip73
)
iacrcc:closed with /usr/share/texlive/texmf-dist/tex/latex/algorithmicx/algorithmicx.sty

Document Style - pseudocode environments for use with the `algorithmicx' style
)
iacrcc:closed with /usr/share/texlive/texmf-dist/tex/latex/algorithmicx/algpseudocode.sty
iacrcc:opened with /usr/share/texlive/texmf-dist/tex/latex/enumitem/enumitem.sty
 (/usr/share/texlive/texmf-dist/tex/latex/enumitem/enumitem.sty
Package: enumitem 2019/06/20 v3.9 Customized lists
\labelindent=\skip74
\enit@outerparindent=\dimen286
\enit@toks=\toks54
\enit@inbox=\box73
\enit@count@id=\count352
\enitdp@description=\count353
)
iacrcc:closed with /usr/share/texlive/texmf-dist/tex/latex/enumitem/enumitem.sty
iacrcc:opened with /usr/share/texlive/texmf-dist/tex/latex/caption/caption.sty
 (/usr/share/texlive/texmf-dist/tex/latex/caption/caption.sty
Package: caption 2023/08/05 v3.6o Customizing captions (AR)
iacrcc:opened with /usr/share/texlive/texmf-dist/tex/latex/caption/caption3.sty
 (/usr/share/texlive/texmf-dist/tex/latex/caption/caption3.sty
Package: caption3 2023/07/31 v2.4d caption3 kernel (AR)
\caption@tempdima=\dimen287
\captionmargin=\dimen288
\caption@leftmargin=\dimen289
\caption@rightmargin=\dimen290
\caption@width=\dimen291
\caption@indent=\dimen292
\caption@parindent=\dimen293
\caption@hangindent=\dimen294
Package caption Info: Standard document class detected.
)
iacrcc:closed with /usr/share/texlive/texmf-dist/tex/latex/caption/caption3.sty
\c@caption@flags=\count354
\c@continuedfloat=\count355
Package caption Info: float package is loaded.
)
iacrcc:closed with /usr/share/texlive/texmf-dist/tex/latex/caption/caption.sty
iacrcc:opened with /usr/share/texlive/texmf-dist/tex/latex/booktabs/booktabs.sty
 (/usr/share/texlive/texmf-dist/tex/latex/booktabs/booktabs.sty
Package: booktabs 2020/01/12 v1.61803398 Publication quality tables
\heavyrulewidth=\dimen295
\lightrulewidth=\dimen296
\cmidrulewidth=\dimen297
\belowrulesep=\dimen298
\belowbottomsep=\dimen299
\aboverulesep=\dimen300
\abovetopsep=\dimen301
\cmidrulesep=\dimen302
\cmidrulekern=\dimen303
\defaultaddspace=\dimen304
\@cmidla=\count356
\@cmidlb=\count357
\@aboverulesep=\dimen305
\@belowrulesep=\dimen306
\@thisruleclass=\count358
\@lastruleclass=\count359
\@thisrulewidth=\dimen307
)
iacrcc:closed with /usr/share/texlive/texmf-dist/tex/latex/booktabs/booktabs.sty
iacrcc:opened with /usr/share/texlive/texmf-dist/tex/latex/caption/subcaption.sty
 (/usr/share/texlive/texmf-dist/tex/latex/caption/subcaption.sty
Package: subcaption 2023/07/28 v1.6b Sub-captions (AR)
Package caption Info: New subtype `subfigure' on input line 238.
\c@subfigure=\count360
Package caption Info: New subtype `subtable' on input line 238.
\c@subtable=\count361
)
iacrcc:closed with /usr/share/texlive/texmf-dist/tex/latex/caption/subcaption.sty
 (/usr/share/texlive/texmf-dist/tex/generic/pgf/frontendlayer/tikz/libraries/tikzlibrarytrees.code.tex
File: tikzlibrarytrees.code.tex 2023-01-15 v3.1.10 (3.1.10)
) (/usr/share/texlive/texmf-dist/tex/generic/pgf/frontendlayer/tikz/libraries/tikzlibrarypositioning.code.tex
File: tikzlibrarypositioning.code.tex 2023-01-15 v3.1.10 (3.1.10)
) (/usr/share/texlive/texmf-dist/tex/generic/pgf/libraries/pgflibraryarrows.meta.code.tex
File: pgflibraryarrows.meta.code.tex 2023-01-15 v3.1.10 (3.1.10)
\pgfarrowinset=\dimen308
\pgfarrowlength=\dimen309
\pgfarrowwidth=\dimen310
\pgfarrowlinewidth=\dimen311
) (/usr/share/texlive/texmf-dist/tex/generic/pgf/frontendlayer/tikz/libraries/tikzlibrarycalc.code.tex
File: tikzlibrarycalc.code.tex 2023-01-15 v3.1.10 (3.1.10)
) (/usr/share/texlive/texmf-dist/tex/generic/pgf/frontendlayer/tikz/libraries/tikzlibraryshadows.code.tex
File: tikzlibraryshadows.code.tex 2023-01-15 v3.1.10 (3.1.10)
 (/usr/share/texlive/texmf-dist/tex/generic/pgf/frontendlayer/tikz/libraries/tikzlibraryfadings.code.tex
File: tikzlibraryfadings.code.tex 2023-01-15 v3.1.10 (3.1.10)
 (/usr/share/texlive/texmf-dist/tex/generic/pgf/libraries/pgflibraryfadings.code.tex
File: pgflibraryfadings.code.tex 2023-01-15 v3.1.10 (3.1.10)
)))
iacrcc:opened with /usr/share/texlive/texmf-dist/tex/latex/algorithms/algorithm.sty
 (/usr/share/texlive/texmf-dist/tex/latex/algorithms/algorithm.sty
Package: algorithm 2009/08/24 v0.1 Document Style `algorithm' - floating environment
\@float@every@algorithm=\toks55
\c@algorithm=\count362
)
iacrcc:closed with /usr/share/texlive/texmf-dist/tex/latex/algorithms/algorithm.sty
iacrcc:opened with /usr/share/texlive/texmf-dist/tex/latex/doclicense/doclicense.sty
 (/usr/share/texlive/texmf-dist/tex/latex/doclicense/doclicense.sty
Package: doclicense 2023/10/01 v3.3.0 Support for putting documents under a license
iacrcc:opened with /usr/share/texlive/texmf-dist/tex/latex/xifthen/xifthen.sty
 (/usr/share/texlive/texmf-dist/tex/latex/xifthen/xifthen.sty
Package: xifthen 2015/11/05 v1.4.0 Extended ifthen features
iacrcc:opened with /usr/share/texlive/texmf-dist/tex/latex/ifmtarg/ifmtarg.sty
 (/usr/share/texlive/texmf-dist/tex/latex/ifmtarg/ifmtarg.sty
Package: ifmtarg 2018/04/16 v1.2b check for an empty argument
)
iacrcc:closed with /usr/share/texlive/texmf-dist/tex/latex/ifmtarg/ifmtarg.sty
)
iacrcc:closed with /usr/share/texlive/texmf-dist/tex/latex/xifthen/xifthen.sty
iacrcc:opened with /usr/share/texlive/texmf-dist/tex/latex/tools/xspace.sty
 (/usr/share/texlive/texmf-dist/tex/latex/tools/xspace.sty
Package: xspace 2014/10/28 v1.13 Space after command names (DPC,MH)
)
iacrcc:closed with /usr/share/texlive/texmf-dist/tex/latex/tools/xspace.sty
iacrcc:opened with /usr/share/texlive/texmf-dist/tex/latex/tools/verbatim.sty
 (/usr/share/texlive/texmf-dist/tex/latex/tools/verbatim.sty
Package: verbatim 2023-11-06 v1.5v LaTeX2e package for verbatim enhancements
\every@verbatim=\toks56
\verbatim@line=\toks57
\verbatim@in@stream=\read4
)
iacrcc:closed with /usr/share/texlive/texmf-dist/tex/latex/tools/verbatim.sty
\doclicense@hsize=\skip75
iacrcc:opened with /usr/share/texlive/texmf-dist/tex/latex/doclicense/doclicense-english.ldf
 (/usr/share/texlive/texmf-dist/tex/latex/doclicense/doclicense-english.ldf
File: doclicense-english.ldf 
)
iacrcc:closed with /usr/share/texlive/texmf-dist/tex/latex/doclicense/doclicense-english.ldf
)
iacrcc:closed with /usr/share/texlive/texmf-dist/tex/latex/doclicense/doclicense.sty
iacrcc:opened with /usr/share/texlive/texmf-dist/tex/latex/base/fontenc.sty
 (/usr/share/texlive/texmf-dist/tex/latex/base/fontenc.sty
Package: fontenc 2021/04/29 v2.0v Standard LaTeX package
LaTeX Font Info:    Trying to load font information for T1+lmr on input line 112.
iacrcc:opened with /usr/share/texmf/tex/latex/lm/t1lmr.fd
 (/usr/share/texmf/tex/latex/lm/t1lmr.fd
File: t1lmr.fd 2015/05/01 v1.6.1 Font defs for Latin Modern
)
iacrcc:closed with /usr/share/texmf/tex/latex/lm/t1lmr.fd
)
iacrcc:closed with /usr/share/texlive/texmf-dist/tex/latex/base/fontenc.sty
iacrcc:opened with /usr/share/texlive/texmf-dist/tex/latex/hyperref/hyperref.sty
 (/usr/share/texlive/texmf-dist/tex/latex/hyperref/hyperref.sty
Package: hyperref 2024-01-20 v7.01h Hypertext links for LaTeX
iacrcc:opened with /usr/share/texlive/texmf-dist/tex/generic/kvdefinekeys/kvdefinekeys.sty
 (/usr/share/texlive/texmf-dist/tex/generic/kvdefinekeys/kvdefinekeys.sty
Package: kvdefinekeys 2019-12-19 v1.6 Define keys (HO)
)
iacrcc:closed with /usr/share/texlive/texmf-dist/tex/generic/kvdefinekeys/kvdefinekeys.sty
iacrcc:opened with /usr/share/texlive/texmf-dist/tex/generic/pdfescape/pdfescape.sty
 (/usr/share/texlive/texmf-dist/tex/generic/pdfescape/pdfescape.sty
Package: pdfescape 2019/12/09 v1.15 Implements pdfTeX's escape features (HO)
iacrcc:opened with /usr/share/texlive/texmf-dist/tex/generic/pdftexcmds/pdftexcmds.sty
 (/usr/share/texlive/texmf-dist/tex/generic/pdftexcmds/pdftexcmds.sty
Package: pdftexcmds 2020-06-27 v0.33 Utility functions of pdfTeX for LuaTeX (HO)
Package pdftexcmds Info: \pdf@primitive is available.
Package pdftexcmds Info: \pdf@ifprimitive is available.
Package pdftexcmds Info: \pdfdraftmode found.
)
iacrcc:closed with /usr/share/texlive/texmf-dist/tex/generic/pdftexcmds/pdftexcmds.sty
)
iacrcc:closed with /usr/share/texlive/texmf-dist/tex/generic/pdfescape/pdfescape.sty
iacrcc:opened with /usr/share/texlive/texmf-dist/tex/latex/hycolor/hycolor.sty
 (/usr/share/texlive/texmf-dist/tex/latex/hycolor/hycolor.sty
Package: hycolor 2020-01-27 v1.10 Color options for hyperref/bookmark (HO)
)
iacrcc:closed with /usr/share/texlive/texmf-dist/tex/latex/hycolor/hycolor.sty
iacrcc:opened with /usr/share/texlive/texmf-dist/tex/latex/auxhook/auxhook.sty
 (/usr/share/texlive/texmf-dist/tex/latex/auxhook/auxhook.sty
Package: auxhook 2019-12-17 v1.6 Hooks for auxiliary files (HO)
)
iacrcc:closed with /usr/share/texlive/texmf-dist/tex/latex/auxhook/auxhook.sty
iacrcc:opened with /usr/share/texlive/texmf-dist/tex/latex/hyperref/nameref.sty
 (/usr/share/texlive/texmf-dist/tex/latex/hyperref/nameref.sty
Package: nameref 2023-11-26 v2.56 Cross-referencing by name of section
iacrcc:opened with /usr/share/texlive/texmf-dist/tex/latex/refcount/refcount.sty
 (/usr/share/texlive/texmf-dist/tex/latex/refcount/refcount.sty
Package: refcount 2019/12/15 v3.6 Data extraction from label references (HO)
)
iacrcc:closed with /usr/share/texlive/texmf-dist/tex/latex/refcount/refcount.sty
iacrcc:opened with /usr/share/texlive/texmf-dist/tex/generic/gettitlestring/gettitlestring.sty
 (/usr/share/texlive/texmf-dist/tex/generic/gettitlestring/gettitlestring.sty
Package: gettitlestring 2019/12/15 v1.6 Cleanup title references (HO)
)
iacrcc:closed with /usr/share/texlive/texmf-dist/tex/generic/gettitlestring/gettitlestring.sty
\c@section@level=\count363
)
iacrcc:closed with /usr/share/texlive/texmf-dist/tex/latex/hyperref/nameref.sty
\@linkdim=\dimen312
\Hy@linkcounter=\count364
\Hy@pagecounter=\count365
iacrcc:opened with /usr/share/texlive/texmf-dist/tex/latex/hyperref/pd1enc.def
 (/usr/share/texlive/texmf-dist/tex/latex/hyperref/pd1enc.def
File: pd1enc.def 2024-01-20 v7.01h Hyperref: PDFDocEncoding definition (HO)
Now handling font encoding PD1 ...
... no UTF-8 mapping file for font encoding PD1
)
iacrcc:closed with /usr/share/texlive/texmf-dist/tex/latex/hyperref/pd1enc.def
\Hy@SavedSpaceFactor=\count366
iacrcc:opened with /usr/share/texlive/texmf-dist/tex/latex/hyperref/puenc.def
 (/usr/share/texlive/texmf-dist/tex/latex/hyperref/puenc.def
File: puenc.def 2024-01-20 v7.01h Hyperref: PDF Unicode definition (HO)
Now handling font encoding PU ...
... no UTF-8 mapping file for font encoding PU
)
iacrcc:closed with /usr/share/texlive/texmf-dist/tex/latex/hyperref/puenc.def
Package hyperref Info: Option `bookmarksopen' set `true' on input line 4062.
Package hyperref Info: Hyper figures OFF on input line 4179.
Package hyperref Info: Link nesting OFF on input line 4184.
Package hyperref Info: Hyper index ON on input line 4187.
Package hyperref Info: Plain pages OFF on input line 4194.
Package hyperref Info: Backreferencing OFF on input line 4199.
Package hyperref Info: Implicit mode ON; LaTeX internals redefined.
Package hyperref Info: Bookmarks ON on input line 4446.
\c@Hy@tempcnt=\count367
LaTeX Info: Redefining \url on input line 4784.
\XeTeXLinkMargin=\dimen313
iacrcc:opened with /usr/share/texlive/texmf-dist/tex/generic/bitset/bitset.sty
 (/usr/share/texlive/texmf-dist/tex/generic/bitset/bitset.sty
Package: bitset 2019/12/09 v1.3 Handle bit-vector datatype (HO)
iacrcc:opened with /usr/share/texlive/texmf-dist/tex/generic/bigintcalc/bigintcalc.sty
 (/usr/share/texlive/texmf-dist/tex/generic/bigintcalc/bigintcalc.sty
Package: bigintcalc 2019/12/15 v1.5 Expandable calculations on big integers (HO)
)
iacrcc:closed with /usr/share/texlive/texmf-dist/tex/generic/bigintcalc/bigintcalc.sty
)
iacrcc:closed with /usr/share/texlive/texmf-dist/tex/generic/bitset/bitset.sty
\Fld@menulength=\count368
\Field@Width=\dimen314
\Fld@charsize=\dimen315
Package hyperref Info: Hyper figures OFF on input line 6063.
Package hyperref Info: Link nesting OFF on input line 6068.
Package hyperref Info: Hyper index ON on input line 6071.
Package hyperref Info: backreferencing OFF on input line 6078.
Package hyperref Info: Link coloring OFF on input line 6083.
Package hyperref Info: Link coloring with OCG OFF on input line 6088.
Package hyperref Info: PDF/A mode OFF on input line 6093.
iacrcc:opened with /usr/share/texlive/texmf-dist/tex/generic/atbegshi/atbegshi.sty
 (/usr/share/texlive/texmf-dist/tex/latex/base/atbegshi-ltx.sty
Package: atbegshi-ltx 2021/01/10 v1.0c Emulation of the original atbegshi
package with kernel methods
)
iacrcc:closed with /usr/share/texlive/texmf-dist/tex/generic/atbegshi/atbegshi.sty
\Hy@abspage=\count369
\c@Item=\count370
\c@Hfootnote=\count371
)
iacrcc:closed with /usr/share/texlive/texmf-dist/tex/latex/hyperref/hyperref.sty
Package hyperref Info: Driver (autodetected): hpdftex.
iacrcc:opened with /usr/share/texlive/texmf-dist/tex/latex/hyperref/hpdftex.def
 (/usr/share/texlive/texmf-dist/tex/latex/hyperref/hpdftex.def
File: hpdftex.def 2024-01-20 v7.01h Hyperref driver for pdfTeX
iacrcc:opened with /usr/share/texlive/texmf-dist/tex/latex/atveryend/atveryend.sty
 (/usr/share/texlive/texmf-dist/tex/latex/base/atveryend-ltx.sty
Package: atveryend-ltx 2020/08/19 v1.0a Emulation of the original atveryend package
with kernel methods
)
iacrcc:closed with /usr/share/texlive/texmf-dist/tex/latex/atveryend/atveryend.sty
\Fld@listcount=\count372
\c@bookmark@seq@number=\count373
iacrcc:opened with /usr/share/texlive/texmf-dist/tex/latex/rerunfilecheck/rerunfilecheck.sty
 (/usr/share/texlive/texmf-dist/tex/latex/rerunfilecheck/rerunfilecheck.sty
Package: rerunfilecheck 2022-07-10 v1.10 Rerun checks for auxiliary files (HO)
iacrcc:opened with /usr/share/texlive/texmf-dist/tex/generic/uniquecounter/uniquecounter.sty
 (/usr/share/texlive/texmf-dist/tex/generic/uniquecounter/uniquecounter.sty
Package: uniquecounter 2019/12/15 v1.4 Provide unlimited unique counter (HO)
)
iacrcc:closed with /usr/share/texlive/texmf-dist/tex/generic/uniquecounter/uniquecounter.sty
Package uniquecounter Info: New unique counter `rerunfilecheck' on input line 285.
)
iacrcc:closed with /usr/share/texlive/texmf-dist/tex/latex/rerunfilecheck/rerunfilecheck.sty
\Hy@SectionHShift=\skip76
)
iacrcc:closed with /usr/share/texlive/texmf-dist/tex/latex/hyperref/hpdftex.def
Package hyperref Info: Option `colorlinks' set `true' on input line 132.
iacrcc:opened with /usr/share/texlive/texmf-dist/tex/latex/ccicons/ccicons.sty
 (/usr/share/texlive/texmf-dist/tex/latex/ccicons/ccicons.sty
Package: ccicons 2017/10/30 v1.6 LaTeX support for Creative Commons icons
)
iacrcc:closed with /usr/share/texlive/texmf-dist/tex/latex/ccicons/ccicons.sty
iacrcc:opened with /usr/share/texlive/texmf-dist/tex/latex/csquotes/csquotes.sty
 (/usr/share/texlive/texmf-dist/tex/latex/csquotes/csquotes.sty
Package: csquotes 2022-09-14 v5.2n context-sensitive quotations (JAW)
\csq@reset=\count374
\csq@gtype=\count375
\csq@glevel=\count376
\csq@qlevel=\count377
\csq@maxlvl=\count378
\csq@tshold=\count379
\csq@ltx@everypar=\toks58
iacrcc:opened with /usr/share/texlive/texmf-dist/tex/latex/csquotes/csquotes.def
 (/usr/share/texlive/texmf-dist/tex/latex/csquotes/csquotes.def
File: csquotes.def 2022-09-14 v5.2n csquotes generic definitions (JAW)
)
iacrcc:closed with /usr/share/texlive/texmf-dist/tex/latex/csquotes/csquotes.def
Package csquotes Info: Trying to load configuration file 'csquotes.cfg'...
Package csquotes Info: ... configuration file loaded successfully.
iacrcc:opened with /usr/share/texlive/texmf-dist/tex/latex/csquotes/csquotes.cfg
 (/usr/share/texlive/texmf-dist/tex/latex/csquotes/csquotes.cfg
File: csquotes.cfg 
)
iacrcc:closed with /usr/share/texlive/texmf-dist/tex/latex/csquotes/csquotes.cfg
)
iacrcc:closed with /usr/share/texlive/texmf-dist/tex/latex/csquotes/csquotes.sty
 (./template.aux)
\openout1 = `template.aux'.

LaTeX Font Info:    Checking defaults for OML/cmm/m/it on input line 132.
LaTeX Font Info:    ... okay on input line 132.
LaTeX Font Info:    Checking defaults for OMS/cmsy/m/n on input line 132.
LaTeX Font Info:    ... okay on input line 132.
LaTeX Font Info:    Checking defaults for OT1/cmr/m/n on input line 132.
LaTeX Font Info:    ... okay on input line 132.
LaTeX Font Info:    Checking defaults for T1/cmr/m/n on input line 132.
LaTeX Font Info:    ... okay on input line 132.
LaTeX Font Info:    Checking defaults for TS1/cmr/m/n on input line 132.
LaTeX Font Info:    ... okay on input line 132.
LaTeX Font Info:    Checking defaults for OMX/cmex/m/n on input line 132.
LaTeX Font Info:    ... okay on input line 132.
LaTeX Font Info:    Checking defaults for U/cmr/m/n on input line 132.
LaTeX Font Info:    ... okay on input line 132.
LaTeX Font Info:    Checking defaults for PD1/pdf/m/n on input line 132.
LaTeX Font Info:    ... okay on input line 132.
LaTeX Font Info:    Checking defaults for PU/pdf/m/n on input line 132.
LaTeX Font Info:    ... okay on input line 132.

*geometry* driver: auto-detecting
*geometry* detected driver: pdftex
*geometry* verbose mode - [ preamble ] result:
* driver: pdftex
* paper: a4paper
* layout: <same size as paper>
* layoutoffset:(h,v)=(0.0pt,0.0pt)
* hratio: 1:1
* vratio: 1:1
* modes: twoside 
* h-part:(L,W,R)=(104.5657pt, 388.37646pt, 104.5657pt)
* v-part:(T,H,B)=(105.63086pt, 633.78513pt, 105.63086pt)
* \paperwidth=597.50787pt
* \paperheight=845.04684pt
* \textwidth=388.37646pt
* \textheight=633.78513pt
* \oddsidemargin=32.29572pt
* \evensidemargin=32.29572pt
* \topmargin=-3.63913pt
* \headheight=12.0pt
* \headsep=25.0pt
* \topskip=10.0pt
* \footskip=30.0pt
* \marginparwidth=76.82234pt
* \marginparsep=11.0pt
* \columnsep=10.0pt
* \skip\footins=9.0pt plus 4.0pt minus 2.0pt
* \hoffset=0.0pt
* \voffset=0.0pt
* \mag=1000
* \@twocolumnfalse
* \@twosidetrue
* \@mparswitchtrue
* \@reversemarginfalse
* (1in=72.27pt=25.4mm, 1cm=28.453pt)

iacrcc:opened with /usr/share/texlive/texmf-dist/tex/context/base/mkii/supp-pdf.mkii
(/usr/share/texlive/texmf-dist/tex/context/base/mkii/supp-pdf.mkii
[Loading MPS to PDF converter (version 2006.09.02).]
\scratchcounter=\count380
\scratchdimen=\dimen316
\scratchbox=\box74
\nofMPsegments=\count381
\nofMParguments=\count382
\everyMPshowfont=\toks59
\MPscratchCnt=\count383
\MPscratchDim=\dimen317
\MPnumerator=\count384
\makeMPintoPDFobject=\count385
\everyMPtoPDFconversion=\toks60
)
iacrcc:closed with /usr/share/texlive/texmf-dist/tex/context/base/mkii/supp-pdf.mkii
iacrcc:opened with /usr/share/texlive/texmf-dist/tex/latex/epstopdf-pkg/epstopdf-base.sty
 (/usr/share/texlive/texmf-dist/tex/latex/epstopdf-pkg/epstopdf-base.sty
Package: epstopdf-base 2020-01-24 v2.11 Base part for package epstopdf
Package epstopdf-base Info: Redefining graphics rule for `.eps' on input line 485.
iacrcc:opened with /usr/share/texlive/texmf-dist/tex/latex/latexconfig/epstopdf-sys.cfg
 (/usr/share/texlive/texmf-dist/tex/latex/latexconfig/epstopdf-sys.cfg
File: epstopdf-sys.cfg 2010/07/13 v1.3 Configuration of (r)epstopdf for TeX Live
)
iacrcc:closed with /usr/share/texlive/texmf-dist/tex/latex/latexconfig/epstopdf-sys.cfg
)
iacrcc:closed with /usr/share/texlive/texmf-dist/tex/latex/epstopdf-pkg/epstopdf-base.sty
LaTeX Info: Redefining \microtypecontext on input line 132.
Package microtype Info: Applying patch `item' on input line 132.
Package microtype Info: Applying patch `toc' on input line 132.
Package microtype Info: Applying patch `eqnum' on input line 132.
Package microtype Info: Applying patch `footnote' on input line 132.
Package microtype Info: Applying patch `verbatim' on input line 132.
Package microtype Info: Generating PDF output.
Package microtype Info: Character protrusion enabled (level 2).
Package microtype Info: Using default protrusion set `alltext'.
Package microtype Info: Automatic font expansion enabled (level 2),
(microtype)             stretch: 20, shrink: 20, step: 1, non-selected.
Package microtype Info: Using default expansion set `alltext-nott'.
LaTeX Info: Redefining \showhyphens on input line 132.
Package microtype Info: No adjustment of tracking.
Package microtype Info: No adjustment of interword spacing.
Package microtype Info: No adjustment of character kerning.
iacrcc:opened with /usr/share/texlive/texmf-dist/tex/latex/microtype/mt-cmr.cfg
 (/usr/share/texlive/texmf-dist/tex/latex/microtype/mt-cmr.cfg
File: mt-cmr.cfg 2013/05/19 v2.2 microtype config. file: Computer Modern Roman (RS)
)
iacrcc:closed with /usr/share/texlive/texmf-dist/tex/latex/microtype/mt-cmr.cfg
Package caption Info: Begin \AtBeginDocument code.
Package caption Info: hyperref package is loaded.
Package caption Info: End \AtBeginDocument code.
Package hyperref Info: Link coloring ON on input line 132.
iacrcc:opened with ./template.out
 (./template.out)
iacrcc:closed with ./template.out
iacrcc:opened with ./template.out
 (./template.out)
iacrcc:closed with ./template.out
\@outlinefile=\write6
\openout6 = `template.out'.

LaTeX Font Info:    Trying to load font information for T1+lmss on input line 134.
iacrcc:opened with /usr/share/texmf/tex/latex/lm/t1lmss.fd
 (/usr/share/texmf/tex/latex/lm/t1lmss.fd
File: t1lmss.fd 2015/05/01 v1.6.1 Font defs for Latin Modern
)
iacrcc:closed with /usr/share/texmf/tex/latex/lm/t1lmss.fd
Package microtype Info: Loading generic protrusion settings for font family
(microtype)             `lmss' (encoding: T1).
(microtype)             For optimal results, create family-specific settings.
(microtype)             See the microtype manual for details.
LaTeX Font Info:    Trying to load font information for OT1+lmr on input line 134.
iacrcc:opened with /usr/share/texmf/tex/latex/lm/ot1lmr.fd
 (/usr/share/texmf/tex/latex/lm/ot1lmr.fd
File: ot1lmr.fd 2015/05/01 v1.6.1 Font defs for Latin Modern
)
iacrcc:closed with /usr/share/texmf/tex/latex/lm/ot1lmr.fd
LaTeX Font Info:    Trying to load font information for OML+lmm on input line 134.
iacrcc:opened with /usr/share/texmf/tex/latex/lm/omllmm.fd
 (/usr/share/texmf/tex/latex/lm/omllmm.fd
File: omllmm.fd 2015/05/01 v1.6.1 Font defs for Latin Modern
)
iacrcc:closed with /usr/share/texmf/tex/latex/lm/omllmm.fd
LaTeX Font Info:    Trying to load font information for OMS+lmsy on input line 134.
iacrcc:opened with /usr/share/texmf/tex/latex/lm/omslmsy.fd
 (/usr/share/texmf/tex/latex/lm/omslmsy.fd
File: omslmsy.fd 2015/05/01 v1.6.1 Font defs for Latin Modern
)
iacrcc:closed with /usr/share/texmf/tex/latex/lm/omslmsy.fd
LaTeX Font Info:    Trying to load font information for OMX+lmex on input line 134.
iacrcc:opened with /usr/share/texmf/tex/latex/lm/omxlmex.fd
 (/usr/share/texmf/tex/latex/lm/omxlmex.fd
File: omxlmex.fd 2015/05/01 v1.6.1 Font defs for Latin Modern
)
iacrcc:closed with /usr/share/texmf/tex/latex/lm/omxlmex.fd
LaTeX Font Info:    External font `lmex10' loaded for size
(Font)              <10> on input line 134.
LaTeX Font Info:    External font `lmex10' loaded for size
(Font)              <7> on input line 134.
LaTeX Font Info:    External font `lmex10' loaded for size
(Font)              <5> on input line 134.
LaTeX Font Info:    Trying to load font information for U+msa on input line 134.
iacrcc:opened with /usr/share/texlive/texmf-dist/tex/latex/amsfonts/umsa.fd
 (/usr/share/texlive/texmf-dist/tex/latex/amsfonts/umsa.fd
File: umsa.fd 2013/01/14 v3.01 AMS symbols A
)
iacrcc:closed with /usr/share/texlive/texmf-dist/tex/latex/amsfonts/umsa.fd
iacrcc:opened with /usr/share/texlive/texmf-dist/tex/latex/microtype/mt-msa.cfg
 (/usr/share/texlive/texmf-dist/tex/latex/microtype/mt-msa.cfg
File: mt-msa.cfg 2006/02/04 v1.1 microtype config. file: AMS symbols (a) (RS)
)
iacrcc:closed with /usr/share/texlive/texmf-dist/tex/latex/microtype/mt-msa.cfg
LaTeX Font Info:    Trying to load font information for U+msb on input line 134.
iacrcc:opened with /usr/share/texlive/texmf-dist/tex/latex/amsfonts/umsb.fd
 (/usr/share/texlive/texmf-dist/tex/latex/amsfonts/umsb.fd
File: umsb.fd 2013/01/14 v3.01 AMS symbols B
)
iacrcc:closed with /usr/share/texlive/texmf-dist/tex/latex/amsfonts/umsb.fd
iacrcc:opened with /usr/share/texlive/texmf-dist/tex/latex/microtype/mt-msb.cfg
 (/usr/share/texlive/texmf-dist/tex/latex/microtype/mt-msb.cfg
File: mt-msb.cfg 2005/06/01 v1.0 microtype config. file: AMS symbols (b) (RS)
)
iacrcc:closed with /usr/share/texlive/texmf-dist/tex/latex/microtype/mt-msb.cfg
LaTeX Font Info:    External font `lmex10' loaded for size
(Font)              <9> on input line 143.
LaTeX Font Info:    External font `lmex10' loaded for size
(Font)              <6> on input line 143.
LaTeX Font Info:    Trying to load font information for TS1+lmr on input line 144.
iacrcc:opened with /usr/share/texmf/tex/latex/lm/ts1lmr.fd
 (/usr/share/texmf/tex/latex/lm/ts1lmr.fd
File: ts1lmr.fd 2015/05/01 v1.6.1 Font defs for Latin Modern
)
iacrcc:closed with /usr/share/texmf/tex/latex/lm/ts1lmr.fd
\openout5 = `template.abstract'.

 [1

{/var/lib/texmf/fonts/map/pdftex/updmap/pdftex.map}{/usr/share/texmf/fonts/enc/dvips/lm/lm-ec.enc}{/usr/share/texmf/fonts/enc/dvips/lm/lm-mathit.enc}{/usr/share/texmf/fonts/enc/dvips/lm/lm-ts1.enc}]

LaTeX Warning: `h' float specifier changed to `ht'.

[2{/usr/share/texmf/fonts/enc/dvips/lm/lm-rm.enc}{/usr/share/texmf/fonts/enc/dvips/lm/lm-mathsy.enc}] [3] [4]
<fig/merkle.png, id=208, 1291.82625pt x 617.30624pt>
File: fig/merkle.png Graphic file (type png)
<use fig/merkle.png>
Package pdftex.def Info: fig/merkle.png  used on input line 392.
(pdftex.def)             Requested size: 427.21648pt x 204.14497pt.

Overfull \hbox (38.84001pt too wide) in paragraph at lines 392--393
 [][] 
 []

[5 <./fig/merkle.png>]
LaTeX Font Info:    External font `lmex10' loaded for size
(Font)              <12> on input line 414.
LaTeX Font Info:    External font `lmex10' loaded for size
(Font)              <8> on input line 414.
 [6{/usr/share/texmf/fonts/enc/dvips/lm/lm-mathex.enc}]
<fig/FORS.png, id=227, 493.845pt x 317.185pt>
File: fig/FORS.png Graphic file (type png)
<use fig/FORS.png>
Package pdftex.def Info: fig/FORS.png  used on input line 493.
(pdftex.def)             Requested size: 349.53644pt x 224.49629pt.
 [7] [8 <./fig/FORS.png>]
LaTeX Font Info:    External font `lmex10' loaded for size
(Font)              <14.4> on input line 563.

Overfull \hbox (56.00777pt too wide) in paragraph at lines 613--614
 [][] 
 []

[9]
LaTeX Font Info:    Trying to load font information for T1+lmtt on input line 621.
iacrcc:opened with /usr/share/texmf/tex/latex/lm/t1lmtt.fd
 (/usr/share/texmf/tex/latex/lm/t1lmtt.fd
File: t1lmtt.fd 2015/05/01 v1.6.1 Font defs for Latin Modern
)
iacrcc:closed with /usr/share/texmf/tex/latex/lm/t1lmtt.fd
Package microtype Info: Loading generic protrusion settings for font family
(microtype)             `lmtt' (encoding: T1).
(microtype)             For optimal results, create family-specific settings.
(microtype)             See the microtype manual for details.
Package hyperref Info: bookmark level for unknown algorithm defaults to 0 on input line 624.

Overfull \hbox (11.81697pt too wide) in paragraph at lines 739--749
[][] 
 []

[10] [11]
<fig/MTsignature.png, id=276, 266.79675pt x 383.63326pt>
File: fig/MTsignature.png Graphic file (type png)
<use fig/MTsignature.png>
Package pdftex.def Info: fig/MTsignature.png  used on input line 764.
(pdftex.def)             Requested size: 194.18823pt x 279.24213pt.
<fig/multi-tree.png, id=277, 481.8pt x 703.62875pt>
File: fig/multi-tree.png Graphic file (type png)
<use fig/multi-tree.png>
Package pdftex.def Info: fig/multi-tree.png  used on input line 771.
(pdftex.def)             Requested size: 194.18823pt x 283.59381pt.
 [12] [13 <./fig/MTsignature.png> <./fig/multi-tree.png>]
<fig/sphıncs.png, id=298, 769.87625pt x 854.19125pt>
File: fig/sphıncs.png Graphic file (type png)
<use fig/sphıncs.png>
Package pdftex.def Info: fig/sphıncs.png  used on input line 868.
(pdftex.def)             Requested size: 427.21648pt x 474.0166pt.

Overfull \hbox (38.84001pt too wide) in paragraph at lines 868--869
 [][] 
 []

[14] [15 <./fig/sphıncs.png>] [16]
Overfull \hbox (19.76553pt too wide) in paragraph at lines 972--992
[][] 
 []

[17]
<fig/inter_secr_guess.png, id=331, 696.6025pt x 581.17125pt>
File: fig/inter_secr_guess.png Graphic file (type png)
<use fig/inter_secr_guess.png>
Package pdftex.def Info: fig/inter_secr_guess.png  used on input line 1052.
(pdftex.def)             Requested size: 194.18823pt x 162.00853pt.
<fig/antonov.png, id=332, 1168.365pt x 642.4pt>
File: fig/antonov.png Graphic file (type png)
<use fig/antonov.png>
Package pdftex.def Info: fig/antonov.png  used on input line 1061.
(pdftex.def)             Requested size: 388.37646pt x 213.5414pt.
 [18] [19 <./fig/inter_secr_guess.png> <./fig/antonov.png>] [20]
iacrcc:opened with ./template.bbl
 (./template.bbl
Underfull \vbox (badness 2253) has occurred while \output is active []

 [21])
iacrcc:closed with ./template.bbl
 [22] (./template.aux)
 ***********
LaTeX2e <2023-11-01> patch level 1
L3 programming layer <2020/03/25>
 ***********
Package rerunfilecheck Info: File `template.out' has not changed.
(rerunfilecheck)             Checksum: 19CDA9F27FB555BA4B83237189BDDDCB;4565.
 ) 
Here is how much of TeX's memory you used:
 31448 strings out of 474222
 580219 string characters out of 5748733
 1946975 words of memory out of 5000000
 52743 multiletter control sequences out of 15000+600000
 664955 words of font info for 230 fonts, out of 8000000 for 9000
 1141 hyphenation exceptions out of 8191
 125i,13n,122p,1505b,999s stack positions out of 10000i,1000n,20000p,200000b,200000s
</usr/share/texmf/fonts/type1/public/lm/lmbx10.pfb></usr/share/texmf/fonts/type1/public/lm/lmbx12.pfb></usr/share/texmf/fonts/type1/public/lm/lmex10.pfb></usr/share/texmf/fonts/type1/public/lm/lmmi10.pfb></usr/share/texmf/fonts/type1/public/lm/lmmi12.pfb></usr/share/texmf/fonts/type1/public/lm/lmmi5.pfb></usr/share/texmf/fonts/type1/public/lm/lmmi6.pfb></usr/share/texmf/fonts/type1/public/lm/lmmi7.pfb></usr/share/texmf/fonts/type1/public/lm/lmmi8.pfb></usr/share/texmf/fonts/type1/public/lm/lmmi9.pfb></usr/share/texmf/fonts/type1/public/lm/lmr10.pfb></usr/share/texmf/fonts/type1/public/lm/lmr12.pfb></usr/share/texmf/fonts/type1/public/lm/lmr5.pfb></usr/share/texmf/fonts/type1/public/lm/lmr7.pfb></usr/share/texmf/fonts/type1/public/lm/lmr9.pfb></usr/share/texmf/fonts/type1/public/lm/lmri10.pfb></usr/share/texmf/fonts/type1/public/lm/lmss8.pfb></usr/share/texmf/fonts/type1/public/lm/lmssbx10.pfb></usr/share/texmf/fonts/type1/public/lm/lmsy10.pfb></usr/share/texmf/fonts/type1/public/lm/lmsy5.pfb></usr/share/texmf/fonts/type1/public/lm/lmsy7.pfb></usr/share/texmf/fonts/type1/public/lm/lmtt10.pfb></usr/share/texmf/fonts/type1/public/lm/lmtt8.pfb>
Output written on template.pdf (22 pages, 733733 bytes).
PDF statistics:
 523 PDF objects out of 1000 (max. 8388607)
 413 compressed objects within 5 object streams
 104 named destinations out of 1000 (max. 500000)
 61304 words of extra memory for PDF output out of 61914 (max. 10000000)

